(load-gtirb ../../../examples/gtirb/basil/basic_sec_policy_write/clang_pic/basic_sec_policy_write.gts)
(dump-il)
var $PC:bv64;
proc @_init()  -> () {  }
  requires boolor(eq(0x5b0:bv64, $PC))

[
   block %_init_code { .address = 1456; .gtirb_block = "oeiGgaAYR2SDLygfns/RPw";
       .succ = [ { .address = 1652; .conditional = "false"; .direct = "true";
               .target = "stmts:9YLh5t82R2KbpKtH9c/M8g"; .type = "Type_Call" } ] } [
     assume eq(0x5b0:bv64, $PC);
     call @_aarch64_eval(0xd503201f:bv32) { .address = 0x5b0:bv64; .asm = "nop " };
     call @_aarch64_eval(0xa9bf7bfd:bv32) { .address = 0x5b4:bv64;
         .asm = "stp x29, x30, [sp, #-0x10]!" };
     call @_aarch64_eval(0x910003fd:bv32) { .address = 0x5b8:bv64;
         .asm = "mov x29, sp" };
     call @_aarch64_eval(0x9400002e:bv32) { .address = 0x5bc:bv64;
         .asm = "bl #0xb8" };
     assert boolor(eq(0x674:bv64, $PC));
     goto (%_init_ext);
   ];
   block %_init_ext [
     assume eq(0x674:bv64, $PC);
     call @call_weak_fn();
     assert boolor(eq(0x5c0:bv64, $PC));
     goto (%_init_code_1);
   ];
   block %_init_code_1 { .address = 1472; .gtirb_block = "+5aazkDQQ0ORSc6KXeMVAQ";
       .succ = [ { .conditional = "false"; .direct = "false";
               .target = "proxy:OLBFJgUiQpudkwSwOxyi/g"; .type = "Type_Return" } ] } [
     assume eq(0x5c0:bv64, $PC);
     call @_aarch64_eval(0xa8c17bfd:bv32) { .address = 0x5c0:bv64;
         .asm = "ldp x29, x30, [sp], #0x10" };
     call @_aarch64_eval(0xd65f03c0:bv32) { .address = 0x5c4:bv64; .asm = "ret " };
     assert boolor();
     goto (%ret_1);
   ];
   block %ret_1 [ return; ]
];
proc @frame_dummy()  -> () {  }
  requires boolor(eq(0x750:bv64, $PC))

[
   block %frame_dummy_code { .address = 1872;
       .gtirb_block = "0nhZbSisT1C5KZuHCvHVjQ";
       .succ = [ { .address = 1728; .conditional = "false"; .direct = "true";
               .target = "stmts:c8In0l8VSTqirP4bh6sL4A"; .type = "Type_Branch" } ] } [
     assume eq(0x750:bv64, $PC);
     call @_aarch64_eval(0x17ffffdc:bv32) { .address = 0x750:bv64;
         .asm = "b #0xffffffffffffff70" };
     assert boolor(eq(0x6c0:bv64, $PC));
     goto (%frame_dummy_ext);
   ];
   block %frame_dummy_ext [
     assume eq(0x6c0:bv64, $PC);
     call @register_tm_clones();
     assert boolor();
     unreachable;
   ]
];
proc @FUN_5d0()  -> () {  }
  requires boolor(eq(0x5d0:bv64, $PC))

[
   block %FUN_5d0_code { .address = 1488; .gtirb_block = "tGs8LP6eSEuwmlzdqvgEkQ";
       .succ = [ { .conditional = "false"; .direct = "false";
               .target = "proxy:OLBFJgUiQpudkwSwOxyi/g"; .type = "Type_Branch" } ] } [
     assume eq(0x5d0:bv64, $PC);
     call @_aarch64_eval(0xa9bf7bf0:bv32) { .address = 0x5d0:bv64;
         .asm = "stp x16, x30, [sp, #-0x10]!" };
     call @_aarch64_eval(0x90000090:bv32) { .address = 0x5d4:bv64;
         .asm = "adrp x16, #0x10000" };
     call @_aarch64_eval(0xf947fe11:bv32) { .address = 0x5d8:bv64;
         .asm = "ldr x17, [x16, #0xff8]" };
     call @_aarch64_eval(0x913fe210:bv32) { .address = 0x5dc:bv64;
         .asm = "add x16, x16, #0xff8" };
     call @_aarch64_eval(0xd61f0220:bv32) { .address = 0x5e0:bv64; .asm = "br x17" };
     assert boolor();
     unreachable;
   ]
];
proc @_fini()  -> () {  }
  requires boolor(eq(0x794:bv64, $PC))

[
   block %_fini_code { .address = 1940; .gtirb_block = "QyoGsUaFQoOT86nHsWLKmg";
       .succ = [ { .address = 1952; .conditional = "false"; .direct = "true";
               .target = "internal:/Vrf7WarTeq9XJsyrkY/0g";
               .type = "Type_Fallthrough" } ] } [
     assume eq(0x794:bv64, $PC);
     call @_aarch64_eval(0xd503201f:bv32) { .address = 0x794:bv64; .asm = "nop " };
     call @_aarch64_eval(0xa9bf7bfd:bv32) { .address = 0x798:bv64;
         .asm = "stp x29, x30, [sp, #-0x10]!" };
     call @_aarch64_eval(0x910003fd:bv32) { .address = 0x79c:bv64;
         .asm = "mov x29, sp" };
     assert boolor(eq(0x7a0:bv64, $PC));
     goto (%_fini_code_1);
   ];
   block %_fini_code_1 { .address = 1952; .gtirb_block = "/Vrf7WarTeq9XJsyrkY/0g";
       .succ = [ { .conditional = "false"; .direct = "false";
               .target = "proxy:OLBFJgUiQpudkwSwOxyi/g"; .type = "Type_Return" } ] } [
     assume eq(0x7a0:bv64, $PC);
     call @_aarch64_eval(0xa8c17bfd:bv32) { .address = 0x7a0:bv64;
         .asm = "ldp x29, x30, [sp], #0x10" };
     call @_aarch64_eval(0xd65f03c0:bv32) { .address = 0x7a4:bv64; .asm = "ret " };
     assert boolor();
     goto (%ret_1);
   ];
   block %ret_1 [ return; ]
];
proc @register_tm_clones()  -> () {  }
  requires boolor(eq(0x6c0:bv64, $PC))

[
   block %register_tm_clones_code_3 { .address = 1728;
       .gtirb_block = "c8In0l8VSTqirP4bh6sL4A";
       .succ = [ { .address = 1764; .conditional = "true"; .direct = "true";
               .target = "internal:ZPio97Z/TCCor5dy81b5pw";
               .type = "Type_Fallthrough" };
           { .address = 1784; .conditional = "true"; .direct = "true";
               .target = "internal:Sj9tC3V/SvScJXWaVlk/Fw"; .type = "Type_Branch" } ] } [
     assume eq(0x6c0:bv64, $PC);
     call @_aarch64_eval(0xb0000080:bv32) { .address = 0x6c0:bv64;
         .asm = "adrp x0, #0x11000" };
     call @_aarch64_eval(0x9100c000:bv32) { .address = 0x6c4:bv64;
         .asm = "add x0, x0, #0x30" };
     call @_aarch64_eval(0xb0000081:bv32) { .address = 0x6c8:bv64;
         .asm = "adrp x1, #0x11000" };
     call @_aarch64_eval(0x9100c021:bv32) { .address = 0x6cc:bv64;
         .asm = "add x1, x1, #0x30" };
     call @_aarch64_eval(0xcb000021:bv32) { .address = 0x6d0:bv64;
         .asm = "sub x1, x1, x0" };
     call @_aarch64_eval(0xd37ffc22:bv32) { .address = 0x6d4:bv64;
         .asm = "lsr x2, x1, #0x3f" };
     call @_aarch64_eval(0x8b810c41:bv32) { .address = 0x6d8:bv64;
         .asm = "add x1, x2, x1, asr #3" };
     call @_aarch64_eval(0x9341fc21:bv32) { .address = 0x6dc:bv64;
         .asm = "asr x1, x1, #1" };
     call @_aarch64_eval(0xb40000c1:bv32) { .address = 0x6e0:bv64;
         .asm = "cbz x1, #0x18" };
     assert boolor(eq(0x6e4:bv64, $PC), eq(0x6f8:bv64, $PC));
     goto (%register_tm_clones_code_2,%register_tm_clones_code);
   ];
   block %register_tm_clones_code { .address = 1784;
       .gtirb_block = "Sj9tC3V/SvScJXWaVlk/Fw";
       .succ = [ { .conditional = "false"; .direct = "false";
               .target = "proxy:OLBFJgUiQpudkwSwOxyi/g"; .type = "Type_Return" } ] } [
     assume eq(0x6f8:bv64, $PC);
     call @_aarch64_eval(0xd65f03c0:bv32) { .address = 0x6f8:bv64; .asm = "ret " };
     assert boolor();
     goto (%ret);
   ];
   block %ret [ return; ];
   block %register_tm_clones_code_2 { .address = 1764;
       .gtirb_block = "ZPio97Z/TCCor5dy81b5pw";
       .succ = [ { .address = 1776; .conditional = "true"; .direct = "true";
               .target = "internal:jBxt/aWJT9aWE3WEL0Osjw";
               .type = "Type_Fallthrough" };
           { .address = 1784; .conditional = "true"; .direct = "true";
               .target = "internal:Sj9tC3V/SvScJXWaVlk/Fw"; .type = "Type_Branch" } ] } [
     assume eq(0x6e4:bv64, $PC);
     call @_aarch64_eval(0x90000082:bv32) { .address = 0x6e4:bv64;
         .asm = "adrp x2, #0x10000" };
     call @_aarch64_eval(0xf947f042:bv32) { .address = 0x6e8:bv64;
         .asm = "ldr x2, [x2, #0xfe0]" };
     call @_aarch64_eval(0xb4000062:bv32) { .address = 0x6ec:bv64;
         .asm = "cbz x2, #0xc" };
     assert boolor(eq(0x6f0:bv64, $PC), eq(0x6f8:bv64, $PC));
     goto (%register_tm_clones_code_4,%register_tm_clones_code);
   ];
   block %register_tm_clones_code_4 { .address = 1776;
       .gtirb_block = "jBxt/aWJT9aWE3WEL0Osjw";
       .succ = [ { .conditional = "false"; .direct = "false";
               .target = "proxy:OLBFJgUiQpudkwSwOxyi/g"; .type = "Type_Branch" } ] } [
     assume eq(0x6f0:bv64, $PC);
     call @_aarch64_eval(0xaa0203f0:bv32) { .address = 0x6f0:bv64;
         .asm = "mov x16, x2" };
     call @_aarch64_eval(0xd61f0200:bv32) { .address = 0x6f4:bv64; .asm = "br x16" };
     assert boolor();
     unreachable;
   ]
];
proc @main()  -> () {  }
  requires boolor(eq(0x754:bv64, $PC))

[
   block %main_code { .address = 1876; .gtirb_block = "7yoZTp0aQWOcm6Iu3MMmPw";
       .succ = [ { .conditional = "false"; .direct = "false";
               .target = "proxy:OLBFJgUiQpudkwSwOxyi/g"; .type = "Type_Return" } ] } [
     assume eq(0x754:bv64, $PC);
     call @_aarch64_eval(0xd10043ff:bv32) { .address = 0x754:bv64;
         .asm = "sub sp, sp, #0x10" };
     call @_aarch64_eval(0xb9000fe0:bv32) { .address = 0x758:bv64;
         .asm = "str w0, [sp, #0xc]" };
     call @_aarch64_eval(0x90000089:bv32) { .address = 0x75c:bv64;
         .asm = "adrp x9, #0x10000" };
     call @_aarch64_eval(0xf947e129:bv32) { .address = 0x760:bv64;
         .asm = "ldr x9, [x9, #0xfc0]" };
     call @_aarch64_eval(0x52800028:bv32) { .address = 0x764:bv64;
         .asm = "mov w8, #1" };
     call @_aarch64_eval(0xb9000128:bv32) { .address = 0x768:bv64;
         .asm = "str w8, [x9]" };
     call @_aarch64_eval(0xb9400fea:bv32) { .address = 0x76c:bv64;
         .asm = "ldr w10, [sp, #0xc]" };
     call @_aarch64_eval(0x90000088:bv32) { .address = 0x770:bv64;
         .asm = "adrp x8, #0x10000" };
     call @_aarch64_eval(0xf947e508:bv32) { .address = 0x774:bv64;
         .asm = "ldr x8, [x8, #0xfc8]" };
     call @_aarch64_eval(0xb900010a:bv32) { .address = 0x778:bv64;
         .asm = "str w10, [x8]" };
     call @_aarch64_eval(0x2a1f03e0:bv32) { .address = 0x77c:bv64;
         .asm = "mov w0, wzr" };
     call @_aarch64_eval(0xb900011f:bv32) { .address = 0x780:bv64;
         .asm = "str wzr, [x8]" };
     call @_aarch64_eval(0x52800048:bv32) { .address = 0x784:bv64;
         .asm = "mov w8, #2" };
     call @_aarch64_eval(0xb9000128:bv32) { .address = 0x788:bv64;
         .asm = "str w8, [x9]" };
     call @_aarch64_eval(0x910043ff:bv32) { .address = 0x78c:bv64;
         .asm = "add sp, sp, #0x10" };
     call @_aarch64_eval(0xd65f03c0:bv32) { .address = 0x790:bv64; .asm = "ret " };
     assert boolor();
     goto (%ret);
   ];
   block %ret [ return; ]
];
proc @_start()  -> () {  }
  requires boolor(eq(0x640:bv64, $PC))

[
   block %_start_code { .address = 1600; .gtirb_block = "dzZtuyeNTJ2f/ot74gXdxw";
       .succ = [ { .address = 1520; .conditional = "false"; .direct = "true";
               .target = "stmts:IFDfV8XfQKiKqWyxL0ktcA"; .type = "Type_Call" } ] } [
     assume eq(0x640:bv64, $PC);
     call @_aarch64_eval(0xd503201f:bv32) { .address = 0x640:bv64; .asm = "nop " };
     call @_aarch64_eval(0xd280001d:bv32) { .address = 0x644:bv64;
         .asm = "mov x29, #0" };
     call @_aarch64_eval(0xd280001e:bv32) { .address = 0x648:bv64;
         .asm = "mov x30, #0" };
     call @_aarch64_eval(0xaa0003e5:bv32) { .address = 0x64c:bv64;
         .asm = "mov x5, x0" };
     call @_aarch64_eval(0xf94003e1:bv32) { .address = 0x650:bv64;
         .asm = "ldr x1, [sp]" };
     call @_aarch64_eval(0x910023e2:bv32) { .address = 0x654:bv64;
         .asm = "add x2, sp, #8" };
     call @_aarch64_eval(0x910003e6:bv32) { .address = 0x658:bv64;
         .asm = "mov x6, sp" };
     call @_aarch64_eval(0x90000080:bv32) { .address = 0x65c:bv64;
         .asm = "adrp x0, #0x10000" };
     call @_aarch64_eval(0xf947ec00:bv32) { .address = 0x660:bv64;
         .asm = "ldr x0, [x0, #0xfd8]" };
     call @_aarch64_eval(0xd2800003:bv32) { .address = 0x664:bv64;
         .asm = "mov x3, #0" };
     call @_aarch64_eval(0xd2800004:bv32) { .address = 0x668:bv64;
         .asm = "mov x4, #0" };
     call @_aarch64_eval(0x97ffffe1:bv32) { .address = 0x66c:bv64;
         .asm = "bl #0xffffffffffffff84" };
     assert boolor(eq(0x5f0:bv64, $PC));
     goto (%_start_ext);
   ];
   block %_start_ext [
     assume eq(0x5f0:bv64, $PC);
     call @FUN_5f0();
     assert boolor(eq(0x670:bv64, $PC));
     goto (%_start_code_1);
   ];
   block %_start_code_1 { .address = 1648; .gtirb_block = "3Y9AqSQASmuu17n4vxvSgA";
       .succ = [ { .address = 1568; .conditional = "false"; .direct = "true";
               .target = "stmts:cXA+dj6cQ+aWhiwsFEgcFA"; .type = "Type_Call" } ] } [
     assume eq(0x670:bv64, $PC);
     call @_aarch64_eval(0x97ffffec:bv32) { .address = 0x670:bv64;
         .asm = "bl #0xffffffffffffffb0" };
     assert boolor(eq(0x620:bv64, $PC));
     goto (%_start_ext_1);
   ];
   block %_start_ext_1 [
     assume eq(0x620:bv64, $PC);
     call @FUN_620();
     assert boolor();
     unreachable;
   ]
];
proc @__do_global_dtors_aux()  -> () {  }
  requires boolor(eq(0x700:bv64, $PC))

[
   block %__do_global_dtors_aux_code_4 { .address = 1792;
       .gtirb_block = "k0mwC5AnTg2gVcoCsN78Yw";
       .succ = [ { .address = 1816; .conditional = "true"; .direct = "true";
               .target = "internal:n6h0HKynSgCuzoStDkTegw";
               .type = "Type_Fallthrough" };
           { .address = 1852; .conditional = "true"; .direct = "true";
               .target = "internal:NQvYfrrgRWWVqfUfOxPTzg"; .type = "Type_Branch" } ] } [
     assume eq(0x700:bv64, $PC);
     call @_aarch64_eval(0xa9be7bfd:bv32) { .address = 0x700:bv64;
         .asm = "stp x29, x30, [sp, #-0x20]!" };
     call @_aarch64_eval(0x910003fd:bv32) { .address = 0x704:bv64;
         .asm = "mov x29, sp" };
     call @_aarch64_eval(0xf9000bf3:bv32) { .address = 0x708:bv64;
         .asm = "str x19, [sp, #0x10]" };
     call @_aarch64_eval(0xb0000093:bv32) { .address = 0x70c:bv64;
         .asm = "adrp x19, #0x11000" };
     call @_aarch64_eval(0x3940c260:bv32) { .address = 0x710:bv64;
         .asm = "ldrb w0, [x19, #0x30]" };
     call @_aarch64_eval(0x35000140:bv32) { .address = 0x714:bv64;
         .asm = "cbnz w0, #0x28" };
     assert boolor(eq(0x718:bv64, $PC), eq(0x73c:bv64, $PC));
     goto (%__do_global_dtors_aux_code_5,%__do_global_dtors_aux_code_1);
   ];
   block %__do_global_dtors_aux_code_1 { .address = 1852;
       .gtirb_block = "NQvYfrrgRWWVqfUfOxPTzg";
       .succ = [ { .conditional = "false"; .direct = "false";
               .target = "proxy:OLBFJgUiQpudkwSwOxyi/g"; .type = "Type_Return" } ] } [
     assume eq(0x73c:bv64, $PC);
     call @_aarch64_eval(0xf9400bf3:bv32) { .address = 0x73c:bv64;
         .asm = "ldr x19, [sp, #0x10]" };
     call @_aarch64_eval(0xa8c27bfd:bv32) { .address = 0x740:bv64;
         .asm = "ldp x29, x30, [sp], #0x20" };
     call @_aarch64_eval(0xd65f03c0:bv32) { .address = 0x744:bv64; .asm = "ret " };
     assert boolor();
     goto (%ret_1);
   ];
   block %ret_1 [ return; ];
   block %__do_global_dtors_aux_code_5 { .address = 1816;
       .gtirb_block = "n6h0HKynSgCuzoStDkTegw";
       .succ = [ { .address = 1840; .conditional = "true"; .direct = "true";
               .target = "internal:wpT+hvuHTSGIX3D9gtnuXA"; .type = "Type_Branch" };
           { .address = 1828; .conditional = "true"; .direct = "true";
               .target = "internal:MupbTPcWTXO9S8nGtJDOyg";
               .type = "Type_Fallthrough" } ] } [
     assume eq(0x718:bv64, $PC);
     call @_aarch64_eval(0x90000080:bv32) { .address = 0x718:bv64;
         .asm = "adrp x0, #0x10000" };
     call @_aarch64_eval(0xf947dc00:bv32) { .address = 0x71c:bv64;
         .asm = "ldr x0, [x0, #0xfb8]" };
     call @_aarch64_eval(0xb4000080:bv32) { .address = 0x720:bv64;
         .asm = "cbz x0, #0x10" };
     assert boolor(eq(0x730:bv64, $PC), eq(0x724:bv64, $PC));
     goto (%__do_global_dtors_aux_code_6,%__do_global_dtors_aux_code);
   ];
   block %__do_global_dtors_aux_code { .address = 1828;
       .gtirb_block = "MupbTPcWTXO9S8nGtJDOyg";
       .succ = [ { .address = 1536; .conditional = "false"; .direct = "true";
               .target = "stmts:tJ0aHzRbS8+4XwtOe12M4A"; .type = "Type_Call" } ] } [
     assume eq(0x724:bv64, $PC);
     call @_aarch64_eval(0xb0000080:bv32) { .address = 0x724:bv64;
         .asm = "adrp x0, #0x11000" };
     call @_aarch64_eval(0xf9401400:bv32) { .address = 0x728:bv64;
         .asm = "ldr x0, [x0, #0x28]" };
     call @_aarch64_eval(0x97ffffb5:bv32) { .address = 0x72c:bv64;
         .asm = "bl #0xfffffffffffffed4" };
     assert boolor(eq(0x600:bv64, $PC));
     goto (%__do_global_dtors_aux_ext_1);
   ];
   block %__do_global_dtors_aux_ext_1 [
     assume eq(0x600:bv64, $PC);
     call @FUN_600();
     assert boolor(eq(0x730:bv64, $PC));
     goto (%__do_global_dtors_aux_code_6);
   ];
   block %__do_global_dtors_aux_code_6 { .address = 1840;
       .gtirb_block = "wpT+hvuHTSGIX3D9gtnuXA";
       .succ = [ { .address = 1680; .conditional = "false"; .direct = "true";
               .target = "stmts:l5j7AUAcTjGV7x7ob0d1wA"; .type = "Type_Call" } ] } [
     assume eq(0x730:bv64, $PC);
     call @_aarch64_eval(0x97ffffd8:bv32) { .address = 0x730:bv64;
         .asm = "bl #0xffffffffffffff60" };
     assert boolor(eq(0x690:bv64, $PC));
     goto (%__do_global_dtors_aux_ext);
   ];
   block %__do_global_dtors_aux_ext [
     assume eq(0x690:bv64, $PC);
     call @deregister_tm_clones();
     assert boolor(eq(0x734:bv64, $PC));
     goto (%__do_global_dtors_aux_code_2);
   ];
   block %__do_global_dtors_aux_code_2 { .address = 1844;
       .gtirb_block = "cTmGGr2xTqOAvRUw1qNGyg";
       .succ = [ { .address = 1852; .conditional = "false"; .direct = "true";
               .target = "internal:NQvYfrrgRWWVqfUfOxPTzg";
               .type = "Type_Fallthrough" } ] } [
     assume eq(0x734:bv64, $PC);
     call @_aarch64_eval(0x52800020:bv32) { .address = 0x734:bv64;
         .asm = "mov w0, #1" };
     call @_aarch64_eval(0x3900c260:bv32) { .address = 0x738:bv64;
         .asm = "strb w0, [x19, #0x30]" };
     assert boolor(eq(0x73c:bv64, $PC));
     goto (%__do_global_dtors_aux_code_1);
   ]
];
proc @.L_610()  -> () {  }
  requires boolor(eq(0x610:bv64, $PC))

[
   block %L_610_code { .address = 1552; .gtirb_block = "afu+V2gvRkOEUXJu56bNpA";
       .succ = [ { .conditional = "false"; .direct = "false";
               .target = "proxy:Gik8PwRYQmGj4E/dBbEO0w"; .type = "Type_Branch" } ] } [
     assume eq(0x610:bv64, $PC);
     call @_aarch64_eval(0xb0000090:bv32) { .address = 0x610:bv64;
         .asm = "adrp x16, #0x11000" };
     call @_aarch64_eval(0xf9400a11:bv32) { .address = 0x614:bv64;
         .asm = "ldr x17, [x16, #0x10]" };
     call @_aarch64_eval(0x91004210:bv32) { .address = 0x618:bv64;
         .asm = "add x16, x16, #0x10" };
     call @_aarch64_eval(0xd61f0220:bv32) { .address = 0x61c:bv64; .asm = "br x17" };
     assert boolor();
     unreachable;
   ]
];
proc @call_weak_fn()  -> () {  }
  requires boolor(eq(0x674:bv64, $PC))

[
   block %call_weak_fn_code_2 { .address = 1652;
       .gtirb_block = "9YLh5t82R2KbpKtH9c/M8g";
       .succ = [ { .address = 1668; .conditional = "true"; .direct = "true";
               .target = "internal:lTTgOBB6QZOegse2iuWYfQ"; .type = "Type_Branch" };
           { .address = 1664; .conditional = "true"; .direct = "true";
               .target = "internal:B96zIQAgQFamk4UlwwHtjw";
               .type = "Type_Fallthrough" } ] } [
     assume eq(0x674:bv64, $PC);
     call @_aarch64_eval(0x90000080:bv32) { .address = 0x674:bv64;
         .asm = "adrp x0, #0x10000" };
     call @_aarch64_eval(0xf947e800:bv32) { .address = 0x678:bv64;
         .asm = "ldr x0, [x0, #0xfd0]" };
     call @_aarch64_eval(0xb4000040:bv32) { .address = 0x67c:bv64;
         .asm = "cbz x0, #8" };
     assert boolor(eq(0x684:bv64, $PC), eq(0x680:bv64, $PC));
     goto (%call_weak_fn_code_1,%call_weak_fn_code);
   ];
   block %call_weak_fn_code { .address = 1664;
       .gtirb_block = "B96zIQAgQFamk4UlwwHtjw";
       .succ = [ { .address = 1552; .conditional = "false"; .direct = "true";
               .target = "stmts:afu+V2gvRkOEUXJu56bNpA"; .type = "Type_Branch" } ] } [
     assume eq(0x680:bv64, $PC);
     call @_aarch64_eval(0x17ffffe4:bv32) { .address = 0x680:bv64;
         .asm = "b #0xffffffffffffff90" };
     assert boolor(eq(0x610:bv64, $PC));
     goto (%call_weak_fn_ext_1);
   ];
   block %call_weak_fn_ext_1 [
     assume eq(0x610:bv64, $PC);
     call @.L_610();
     assert boolor();
     unreachable;
   ];
   block %call_weak_fn_code_1 { .address = 1668;
       .gtirb_block = "lTTgOBB6QZOegse2iuWYfQ";
       .succ = [ { .address = 1472; .conditional = "false"; .direct = "true";
               .target = "external:+5aazkDQQ0ORSc6KXeMVAQ"; .type = "Type_Return" } ] } [
     assume eq(0x684:bv64, $PC);
     call @_aarch64_eval(0xd65f03c0:bv32) { .address = 0x684:bv64; .asm = "ret " };
     assert boolor(eq(0x5c0:bv64, $PC));
     goto (%ret_1);
   ];
   block %ret_1 [ return; ]
];
proc @FUN_600()  -> () {  }
  requires boolor(eq(0x600:bv64, $PC))

[
   block %FUN_600_code { .address = 1536; .gtirb_block = "tJ0aHzRbS8+4XwtOe12M4A";
       .succ = [ { .conditional = "false"; .direct = "false";
               .target = "proxy:z71WQ7cATlaBlD9edkSAmw"; .type = "Type_Branch" } ] } [
     assume eq(0x600:bv64, $PC);
     call @_aarch64_eval(0xb0000090:bv32) { .address = 0x600:bv64;
         .asm = "adrp x16, #0x11000" };
     call @_aarch64_eval(0xf9400611:bv32) { .address = 0x604:bv64;
         .asm = "ldr x17, [x16, #8]" };
     call @_aarch64_eval(0x91002210:bv32) { .address = 0x608:bv64;
         .asm = "add x16, x16, #8" };
     call @_aarch64_eval(0xd61f0220:bv32) { .address = 0x60c:bv64; .asm = "br x17" };
     assert boolor();
     unreachable;
   ]
];
proc @deregister_tm_clones()  -> () {  }
  requires boolor(eq(0x690:bv64, $PC))

[
   block %deregister_tm_clones_code_2 { .address = 1680;
       .gtirb_block = "l5j7AUAcTjGV7x7ob0d1wA";
       .succ = [ { .address = 1704; .conditional = "true"; .direct = "true";
               .target = "internal:STiDuJDTSEudZ/ovjdX8iw";
               .type = "Type_Fallthrough" };
           { .address = 1724; .conditional = "true"; .direct = "true";
               .target = "internal:QEWhiZ7+Q6qhsRTCGenTPQ"; .type = "Type_Branch" } ] } [
     assume eq(0x690:bv64, $PC);
     call @_aarch64_eval(0xb0000080:bv32) { .address = 0x690:bv64;
         .asm = "adrp x0, #0x11000" };
     call @_aarch64_eval(0x9100c000:bv32) { .address = 0x694:bv64;
         .asm = "add x0, x0, #0x30" };
     call @_aarch64_eval(0xb0000081:bv32) { .address = 0x698:bv64;
         .asm = "adrp x1, #0x11000" };
     call @_aarch64_eval(0x9100c021:bv32) { .address = 0x69c:bv64;
         .asm = "add x1, x1, #0x30" };
     call @_aarch64_eval(0xeb00003f:bv32) { .address = 0x6a0:bv64;
         .asm = "cmp x1, x0" };
     call @_aarch64_eval(0x540000c0:bv32) { .address = 0x6a4:bv64;
         .asm = "b.eq #0x18" };
     assert boolor(eq(0x6a8:bv64, $PC), eq(0x6bc:bv64, $PC));
     goto (%deregister_tm_clones_code_1,%deregister_tm_clones_code);
   ];
   block %deregister_tm_clones_code { .address = 1724;
       .gtirb_block = "QEWhiZ7+Q6qhsRTCGenTPQ";
       .succ = [ { .address = 1844; .conditional = "false"; .direct = "true";
               .target = "external:cTmGGr2xTqOAvRUw1qNGyg"; .type = "Type_Return" } ] } [
     assume eq(0x6bc:bv64, $PC);
     call @_aarch64_eval(0xd65f03c0:bv32) { .address = 0x6bc:bv64; .asm = "ret " };
     assert boolor(eq(0x734:bv64, $PC));
     goto (%ret);
   ];
   block %ret [ return; ];
   block %deregister_tm_clones_code_1 { .address = 1704;
       .gtirb_block = "STiDuJDTSEudZ/ovjdX8iw";
       .succ = [ { .address = 1716; .conditional = "true"; .direct = "true";
               .target = "internal:58hnvFyoSXu3VznQqvz23w";
               .type = "Type_Fallthrough" };
           { .address = 1724; .conditional = "true"; .direct = "true";
               .target = "internal:QEWhiZ7+Q6qhsRTCGenTPQ"; .type = "Type_Branch" } ] } [
     assume eq(0x6a8:bv64, $PC);
     call @_aarch64_eval(0x90000081:bv32) { .address = 0x6a8:bv64;
         .asm = "adrp x1, #0x10000" };
     call @_aarch64_eval(0xf947d821:bv32) { .address = 0x6ac:bv64;
         .asm = "ldr x1, [x1, #0xfb0]" };
     call @_aarch64_eval(0xb4000061:bv32) { .address = 0x6b0:bv64;
         .asm = "cbz x1, #0xc" };
     assert boolor(eq(0x6b4:bv64, $PC), eq(0x6bc:bv64, $PC));
     goto (%deregister_tm_clones_code_3,%deregister_tm_clones_code);
   ];
   block %deregister_tm_clones_code_3 { .address = 1716;
       .gtirb_block = "58hnvFyoSXu3VznQqvz23w";
       .succ = [ { .conditional = "false"; .direct = "false";
               .target = "proxy:OLBFJgUiQpudkwSwOxyi/g"; .type = "Type_Branch" } ] } [
     assume eq(0x6b4:bv64, $PC);
     call @_aarch64_eval(0xaa0103f0:bv32) { .address = 0x6b4:bv64;
         .asm = "mov x16, x1" };
     call @_aarch64_eval(0xd61f0200:bv32) { .address = 0x6b8:bv64; .asm = "br x16" };
     assert boolor();
     unreachable;
   ]
];
proc @FUN_620()  -> () {  }
  requires boolor(eq(0x620:bv64, $PC))

[
   block %FUN_620_code { .address = 1568; .gtirb_block = "cXA+dj6cQ+aWhiwsFEgcFA";
       .succ = [ { .conditional = "false"; .direct = "false";
               .target = "proxy:FojFWTXERaCoWEQLohRyDQ"; .type = "Type_Branch" } ] } [
     assume eq(0x620:bv64, $PC);
     call @_aarch64_eval(0xb0000090:bv32) { .address = 0x620:bv64;
         .asm = "adrp x16, #0x11000" };
     call @_aarch64_eval(0xf9400e11:bv32) { .address = 0x624:bv64;
         .asm = "ldr x17, [x16, #0x18]" };
     call @_aarch64_eval(0x91006210:bv32) { .address = 0x628:bv64;
         .asm = "add x16, x16, #0x18" };
     call @_aarch64_eval(0xd61f0220:bv32) { .address = 0x62c:bv64; .asm = "br x17" };
     assert boolor();
     unreachable;
   ]
];
proc @FUN_5f0()  -> () {  }
  requires boolor(eq(0x5f0:bv64, $PC))

[
   block %FUN_5f0_code { .address = 1520; .gtirb_block = "IFDfV8XfQKiKqWyxL0ktcA";
       .succ = [ { .conditional = "false"; .direct = "false";
               .target = "proxy:Y7fcQpD2QSeSmxaM+9+dLA"; .type = "Type_Branch" } ] } [
     assume eq(0x5f0:bv64, $PC);
     call @_aarch64_eval(0xb0000090:bv32) { .address = 0x5f0:bv64;
         .asm = "adrp x16, #0x11000" };
     call @_aarch64_eval(0xf9400211:bv32) { .address = 0x5f4:bv64;
         .asm = "ldr x17, [x16]" };
     call @_aarch64_eval(0x91000210:bv32) { .address = 0x5f8:bv64;
         .asm = "add x16, x16, #0" };
     call @_aarch64_eval(0xd61f0220:bv32) { .address = 0x5fc:bv64; .asm = "br x17" };
     assert boolor();
     unreachable;
   ]
];
prog entry @_start;