var $PC:bv64;
proc @FUN_650()  -> () {  }
  requires boolor(eq(0x650:bv64, $PC))

[
   block %gtirb [
     assume eq(0x650:bv64, $PC);
     assert false { .asm = "adrp x16, #0x11000"; .opcode = "0xb0000090" };
     assert false { .asm = "ldr x17, [x16, #0x18]"; .opcode = "0xf9400e11" };
     assert false { .asm = "add x16, x16, #0x18"; .opcode = "0x91006210" };
     assert false { .asm = "br x17"; .opcode = "0xd61f0220" };
     assert boolor();
     unreachable;
   ]
];
proc @.L_640()  -> () {  }
  requires boolor(eq(0x640:bv64, $PC))

[
   block %gtirb [
     assume eq(0x640:bv64, $PC);
     assert false { .asm = "adrp x16, #0x11000"; .opcode = "0xb0000090" };
     assert false { .asm = "ldr x17, [x16, #0x10]"; .opcode = "0xf9400a11" };
     assert false { .asm = "add x16, x16, #0x10"; .opcode = "0x91004210" };
     assert false { .asm = "br x17"; .opcode = "0xd61f0220" };
     assert boolor();
     unreachable;
   ]
];
proc @register_tm_clones()  -> () {  }
  requires boolor(eq(0x700:bv64, $PC))

[
   block %gtirb_2 [
     assume eq(0x700:bv64, $PC);
     assert false { .asm = "adrp x0, #0x11000"; .opcode = "0xb0000080" };
     assert false { .asm = "add x0, x0, #0x30"; .opcode = "0x9100c000" };
     assert false { .asm = "adrp x1, #0x11000"; .opcode = "0xb0000081" };
     assert false { .asm = "add x1, x1, #0x30"; .opcode = "0x9100c021" };
     assert false { .asm = "sub x1, x1, x0"; .opcode = "0xcb000021" };
     assert false { .asm = "lsr x2, x1, #0x3f"; .opcode = "0xd37ffc22" };
     assert false { .asm = "add x1, x2, x1, asr #3"; .opcode = "0x8b810c41" };
     assert false { .asm = "asr x1, x1, #1"; .opcode = "0x9341fc21" };
     assert false { .asm = "cbz x1, #0x18"; .opcode = "0xb40000c1" };
     assert boolor(eq(0x724:bv64, $PC), eq(0x738:bv64, $PC));
     goto (%gtirb_3,%gtirb);
   ];
   block %gtirb [
     assume eq(0x738:bv64, $PC);
     assert false { .asm = "ret "; .opcode = "0xd65f03c0" };
     assert boolor();
     return;
   ];
   block %gtirb_3 [
     assume eq(0x724:bv64, $PC);
     assert false { .asm = "adrp x2, #0x10000"; .opcode = "0x90000082" };
     assert false { .asm = "ldr x2, [x2, #0xfe0]"; .opcode = "0xf947f042" };
     assert false { .asm = "cbz x2, #0xc"; .opcode = "0xb4000062" };
     assert boolor(eq(0x730:bv64, $PC), eq(0x738:bv64, $PC));
     goto (%gtirb_4,%gtirb);
   ];
   block %gtirb_4 [
     assume eq(0x730:bv64, $PC);
     assert false { .asm = "mov x16, x2"; .opcode = "0xaa0203f0" };
     assert false { .asm = "br x16"; .opcode = "0xd61f0200" };
     assert boolor();
     unreachable;
   ]
];
proc @frame_dummy()  -> () {  }
  requires boolor(eq(0x790:bv64, $PC))

[
   block %gtirb [
     assume eq(0x790:bv64, $PC);
     assert false { .asm = "b #0xffffffffffffff70"; .opcode = "0x17ffffdc" };
     assert boolor(eq(0x700:bv64, $PC));
     unreachable;
   ]
];
proc @main()  -> () {  }
  requires boolor(eq(0x7d0:bv64, $PC))

[
   block %gtirb_2 [
     assume eq(0x7d0:bv64, $PC);
     assert false { .asm = "sub sp, sp, #0x30"; .opcode = "0xd100c3ff" };
     assert false { .asm = "stp x29, x30, [sp, #0x20]"; .opcode = "0xa9027bfd" };
     assert false { .asm = "add x29, sp, #0x20"; .opcode = "0x910083fd" };
     assert false { .asm = "stur wzr, [x29, #-4]"; .opcode = "0xb81fc3bf" };
     assert false { .asm = "stur w0, [x29, #-8]"; .opcode = "0xb81f83a0" };
     assert false { .asm = "ldur w8, [x29, #-8]"; .opcode = "0xb85f83a8" };
     assert false { .asm = "str w8, [sp, #0xc]"; .opcode = "0xb9000fe8" };
     assert false { .asm = "subs w8, w8, #0"; .opcode = "0x71000108" };
     assert false { .asm = "cset w8, eq"; .opcode = "0x1a9f17e8" };
     assert false { .asm = "tbnz w8, #0, #0x30"; .opcode = "0x37000188" };
     assert boolor(eq(0x7f8:bv64, $PC), eq(0x824:bv64, $PC));
     goto (%gtirb_11,%gtirb_6);
   ];
   block %gtirb_6 [
     assume eq(0x824:bv64, $PC);
     assert false { .asm = "adrp x8, #0x10000"; .opcode = "0x90000088" };
     assert false { .asm = "ldr x8, [x8, #0xfc0]"; .opcode = "0xf947e108" };
     assert false { .asm = "str x8, [sp, #0x10]"; .opcode = "0xf9000be8" };
     assert false { .asm = "b #0x34"; .opcode = "0x1400000d" };
     assert boolor(eq(0x864:bv64, $PC));
     goto (%gtirb_9);
   ];
   block %gtirb_11 [
     assume eq(0x7f8:bv64, $PC);
     assert false { .asm = "b #4"; .opcode = "0x14000001" };
     assert boolor(eq(0x7fc:bv64, $PC));
     goto (%gtirb);
   ];
   block %gtirb [
     assume eq(0x7fc:bv64, $PC);
     assert false { .asm = "ldr w8, [sp, #0xc]"; .opcode = "0xb9400fe8" };
     assert false { .asm = "subs w8, w8, #1"; .opcode = "0x71000508" };
     assert false { .asm = "cset w8, eq"; .opcode = "0x1a9f17e8" };
     assert false { .asm = "tbnz w8, #0, #0x2c"; .opcode = "0x37000168" };
     assert boolor(eq(0x834:bv64, $PC), eq(0x80c:bv64, $PC));
     goto (%gtirb_4,%gtirb_1);
   ];
   block %gtirb_1 [
     assume eq(0x80c:bv64, $PC);
     assert false { .asm = "b #4"; .opcode = "0x14000001" };
     assert boolor(eq(0x810:bv64, $PC));
     goto (%gtirb_5);
   ];
   block %gtirb_5 [
     assume eq(0x810:bv64, $PC);
     assert false { .asm = "ldr w8, [sp, #0xc]"; .opcode = "0xb9400fe8" };
     assert false { .asm = "subs w8, w8, #2"; .opcode = "0x71000908" };
     assert false { .asm = "cset w8, eq"; .opcode = "0x1a9f17e8" };
     assert false { .asm = "tbnz w8, #0, #0x28"; .opcode = "0x37000148" };
     assert boolor(eq(0x820:bv64, $PC), eq(0x844:bv64, $PC));
     goto (%gtirb_7,%gtirb_3);
   ];
   block %gtirb_3 [
     assume eq(0x844:bv64, $PC);
     assert false { .asm = "adrp x8, #0x10000"; .opcode = "0x90000088" };
     assert false { .asm = "ldr x8, [x8, #0xfd8]"; .opcode = "0xf947ed08" };
     assert false { .asm = "str x8, [sp, #0x10]"; .opcode = "0xf9000be8" };
     assert false { .asm = "b #0x14"; .opcode = "0x14000005" };
     assert boolor(eq(0x864:bv64, $PC));
     goto (%gtirb_9);
   ];
   block %gtirb_7 [
     assume eq(0x820:bv64, $PC);
     assert false { .asm = "b #0x34"; .opcode = "0x1400000d" };
     assert boolor(eq(0x854:bv64, $PC));
     goto (%gtirb_8);
   ];
   block %gtirb_8 [
     assume eq(0x854:bv64, $PC);
     assert false { .asm = "adrp x8, #0x10000"; .opcode = "0x90000088" };
     assert false { .asm = "ldr x8, [x8, #0xfc0]"; .opcode = "0xf947e108" };
     assert false { .asm = "str x8, [sp, #0x10]"; .opcode = "0xf9000be8" };
     assert false { .asm = "b #4"; .opcode = "0x14000001" };
     assert boolor(eq(0x864:bv64, $PC));
     goto (%gtirb_9);
   ];
   block %gtirb_4 [
     assume eq(0x834:bv64, $PC);
     assert false { .asm = "adrp x8, #0x10000"; .opcode = "0x90000088" };
     assert false { .asm = "ldr x8, [x8, #0xfc8]"; .opcode = "0xf947e508" };
     assert false { .asm = "str x8, [sp, #0x10]"; .opcode = "0xf9000be8" };
     assert false { .asm = "b #0x24"; .opcode = "0x14000009" };
     assert boolor(eq(0x864:bv64, $PC));
     goto (%gtirb_9);
   ];
   block %gtirb_9 [
     assume eq(0x864:bv64, $PC);
     assert false { .asm = "ldr x8, [sp, #0x10]"; .opcode = "0xf9400be8" };
     assert false { .asm = "blr x8"; .opcode = "0xd63f0100" };
     assert boolor(eq(0x7bc:bv64, $PC), eq(0x7a8:bv64, $PC), eq(0x794:bv64, $PC),
      eq(0x86c:bv64, $PC));
     goto (%gtirb_10);
   ];
   block %gtirb_10 [
     assume eq(0x86c:bv64, $PC);
     assert false { .asm = "mov w0, wzr"; .opcode = "0x2a1f03e0" };
     assert false { .asm = "ldp x29, x30, [sp, #0x20]"; .opcode = "0xa9427bfd" };
     assert false { .asm = "add sp, sp, #0x30"; .opcode = "0x9100c3ff" };
     assert false { .asm = "ret "; .opcode = "0xd65f03c0" };
     assert boolor();
     return;
   ]
];
proc @deregister_tm_clones()  -> () {  }
  requires boolor(eq(0x6d0:bv64, $PC))

[
   block %gtirb_2 [
     assume eq(0x6d0:bv64, $PC);
     assert false { .asm = "adrp x0, #0x11000"; .opcode = "0xb0000080" };
     assert false { .asm = "add x0, x0, #0x30"; .opcode = "0x9100c000" };
     assert false { .asm = "adrp x1, #0x11000"; .opcode = "0xb0000081" };
     assert false { .asm = "add x1, x1, #0x30"; .opcode = "0x9100c021" };
     assert false { .asm = "cmp x1, x0"; .opcode = "0xeb00003f" };
     assert false { .asm = "b.eq #0x18"; .opcode = "0x540000c0" };
     assert boolor(eq(0x6e8:bv64, $PC), eq(0x6fc:bv64, $PC));
     goto (%gtirb_3,%gtirb_1);
   ];
   block %gtirb_1 [
     assume eq(0x6fc:bv64, $PC);
     assert false { .asm = "ret "; .opcode = "0xd65f03c0" };
     assert boolor(eq(0x774:bv64, $PC));
     return;
   ];
   block %gtirb_3 [
     assume eq(0x6e8:bv64, $PC);
     assert false { .asm = "adrp x1, #0x10000"; .opcode = "0x90000081" };
     assert false { .asm = "ldr x1, [x1, #0xfa0]"; .opcode = "0xf947d021" };
     assert false { .asm = "cbz x1, #0xc"; .opcode = "0xb4000061" };
     assert boolor(eq(0x6fc:bv64, $PC), eq(0x6f4:bv64, $PC));
     goto (%gtirb_1,%gtirb);
   ];
   block %gtirb [
     assume eq(0x6f4:bv64, $PC);
     assert false { .asm = "mov x16, x1"; .opcode = "0xaa0103f0" };
     assert false { .asm = "br x16"; .opcode = "0xd61f0200" };
     assert boolor();
     unreachable;
   ]
];
proc @__do_global_dtors_aux()  -> () {  }
  requires boolor(eq(0x740:bv64, $PC))

[
   block %gtirb_3 [
     assume eq(0x740:bv64, $PC);
     assert false { .asm = "stp x29, x30, [sp, #-0x20]!"; .opcode = "0xa9be7bfd" };
     assert false { .asm = "mov x29, sp"; .opcode = "0x910003fd" };
     assert false { .asm = "str x19, [sp, #0x10]"; .opcode = "0xf9000bf3" };
     assert false { .asm = "adrp x19, #0x11000"; .opcode = "0xb0000093" };
     assert false { .asm = "ldrb w0, [x19, #0x30]"; .opcode = "0x3940c260" };
     assert false { .asm = "cbnz w0, #0x28"; .opcode = "0x35000140" };
     assert boolor(eq(0x77c:bv64, $PC), eq(0x758:bv64, $PC));
     goto (%gtirb_5,%gtirb);
   ];
   block %gtirb [
     assume eq(0x758:bv64, $PC);
     assert false { .asm = "adrp x0, #0x10000"; .opcode = "0x90000080" };
     assert false { .asm = "ldr x0, [x0, #0xfa8]"; .opcode = "0xf947d400" };
     assert false { .asm = "cbz x0, #0x10"; .opcode = "0xb4000080" };
     assert boolor(eq(0x764:bv64, $PC), eq(0x770:bv64, $PC));
     goto (%gtirb_2,%gtirb_1);
   ];
   block %gtirb_1 [
     assume eq(0x770:bv64, $PC);
     assert false { .asm = "bl #0xffffffffffffff60"; .opcode = "0x97ffffd8" };
     assert boolor(eq(0x6d0:bv64, $PC), eq(0x774:bv64, $PC));
     goto (%gtirb_4);
   ];
   block %gtirb_4 [
     assume eq(0x774:bv64, $PC);
     assert false { .asm = "mov w0, #1"; .opcode = "0x52800020" };
     assert false { .asm = "strb w0, [x19, #0x30]"; .opcode = "0x3900c260" };
     assert boolor(eq(0x77c:bv64, $PC));
     goto (%gtirb_5);
   ];
   block %gtirb_2 [
     assume eq(0x764:bv64, $PC);
     assert false { .asm = "adrp x0, #0x11000"; .opcode = "0xb0000080" };
     assert false { .asm = "ldr x0, [x0, #0x28]"; .opcode = "0xf9401400" };
     assert false { .asm = "bl #0xfffffffffffffec4"; .opcode = "0x97ffffb1" };
     assert boolor(eq(0x630:bv64, $PC), eq(0x770:bv64, $PC));
     goto (%gtirb_1);
   ];
   block %gtirb_5 [
     assume eq(0x77c:bv64, $PC);
     assert false { .asm = "ldr x19, [sp, #0x10]"; .opcode = "0xf9400bf3" };
     assert false { .asm = "ldp x29, x30, [sp], #0x20"; .opcode = "0xa8c27bfd" };
     assert false { .asm = "ret "; .opcode = "0xd65f03c0" };
     assert boolor();
     return;
   ]
];
proc @FUN_600()  -> () {  }
  requires boolor(eq(0x600:bv64, $PC))

[
   block %gtirb [
     assume eq(0x600:bv64, $PC);
     assert false { .asm = "stp x16, x30, [sp, #-0x10]!"; .opcode = "0xa9bf7bf0" };
     assert false { .asm = "adrp x16, #0x10000"; .opcode = "0x90000090" };
     assert false { .asm = "ldr x17, [x16, #0xff8]"; .opcode = "0xf947fe11" };
     assert false { .asm = "add x16, x16, #0xff8"; .opcode = "0x913fe210" };
     assert false { .asm = "br x17"; .opcode = "0xd61f0220" };
     assert boolor();
     unreachable;
   ]
];
proc @FUN_630()  -> () {  }
  requires boolor(eq(0x630:bv64, $PC))

[
   block %gtirb [
     assume eq(0x630:bv64, $PC);
     assert false { .asm = "adrp x16, #0x11000"; .opcode = "0xb0000090" };
     assert false { .asm = "ldr x17, [x16, #8]"; .opcode = "0xf9400611" };
     assert false { .asm = "add x16, x16, #8"; .opcode = "0x91002210" };
     assert false { .asm = "br x17"; .opcode = "0xd61f0220" };
     assert boolor();
     unreachable;
   ]
];
proc @call_weak_fn()  -> () {  }
  requires boolor(eq(0x6b4:bv64, $PC))

[
   block %gtirb_1 [
     assume eq(0x6b4:bv64, $PC);
     assert false { .asm = "adrp x0, #0x10000"; .opcode = "0x90000080" };
     assert false { .asm = "ldr x0, [x0, #0xfb8]"; .opcode = "0xf947dc00" };
     assert false { .asm = "cbz x0, #8"; .opcode = "0xb4000040" };
     assert boolor(eq(0x6c0:bv64, $PC), eq(0x6c4:bv64, $PC));
     goto (%gtirb_2,%gtirb);
   ];
   block %gtirb [
     assume eq(0x6c4:bv64, $PC);
     assert false { .asm = "ret "; .opcode = "0xd65f03c0" };
     assert boolor(eq(0x5f0:bv64, $PC));
     return;
   ];
   block %gtirb_2 [
     assume eq(0x6c0:bv64, $PC);
     assert false { .asm = "b #0xffffffffffffff80"; .opcode = "0x17ffffe0" };
     assert boolor(eq(0x640:bv64, $PC));
     unreachable;
   ]
];
proc @_start()  -> () {  }
  requires boolor(eq(0x680:bv64, $PC))

[
   block %gtirb [
     assume eq(0x680:bv64, $PC);
     assert false { .asm = "nop "; .opcode = "0xd503201f" };
     assert false { .asm = "mov x29, #0"; .opcode = "0xd280001d" };
     assert false { .asm = "mov x30, #0"; .opcode = "0xd280001e" };
     assert false { .asm = "mov x5, x0"; .opcode = "0xaa0003e5" };
     assert false { .asm = "ldr x1, [sp]"; .opcode = "0xf94003e1" };
     assert false { .asm = "add x2, sp, #8"; .opcode = "0x910023e2" };
     assert false { .asm = "mov x6, sp"; .opcode = "0x910003e6" };
     assert false { .asm = "adrp x0, #0x10000"; .opcode = "0x90000080" };
     assert false { .asm = "ldr x0, [x0, #0xfd0]"; .opcode = "0xf947e800" };
     assert false { .asm = "mov x3, #0"; .opcode = "0xd2800003" };
     assert false { .asm = "mov x4, #0"; .opcode = "0xd2800004" };
     assert false { .asm = "bl #0xffffffffffffff74"; .opcode = "0x97ffffdd" };
     assert boolor(eq(0x620:bv64, $PC), eq(0x6b0:bv64, $PC));
     goto (%gtirb_1);
   ];
   block %gtirb_1 [
     assume eq(0x6b0:bv64, $PC);
     assert false { .asm = "bl #0xffffffffffffffa0"; .opcode = "0x97ffffe8" };
     assert boolor(eq(0x650:bv64, $PC));
     unreachable;
   ]
];
proc @set_seven()  -> () {  }
  requires boolor(eq(0x7bc:bv64, $PC))

[
   block %gtirb [
     assume eq(0x7bc:bv64, $PC);
     assert false { .asm = "adrp x9, #0x10000"; .opcode = "0x90000089" };
     assert false { .asm = "ldr x9, [x9, #0xfb0]"; .opcode = "0xf947d929" };
     assert false { .asm = "mov w8, #7"; .opcode = "0x528000e8" };
     assert false { .asm = "str w8, [x9]"; .opcode = "0xb9000128" };
     assert false { .asm = "ret "; .opcode = "0xd65f03c0" };
     assert boolor(eq(0x86c:bv64, $PC));
     return;
   ]
];
proc @set_two()  -> () {  }
  requires boolor(eq(0x794:bv64, $PC))

[
   block %gtirb [
     assume eq(0x794:bv64, $PC);
     assert false { .asm = "adrp x9, #0x10000"; .opcode = "0x90000089" };
     assert false { .asm = "ldr x9, [x9, #0xfb0]"; .opcode = "0xf947d929" };
     assert false { .asm = "mov w8, #2"; .opcode = "0x52800048" };
     assert false { .asm = "str w8, [x9]"; .opcode = "0xb9000128" };
     assert false { .asm = "ret "; .opcode = "0xd65f03c0" };
     assert boolor(eq(0x86c:bv64, $PC));
     return;
   ]
];
proc @FUN_620()  -> () {  }
  requires boolor(eq(0x620:bv64, $PC))

[
   block %gtirb [
     assume eq(0x620:bv64, $PC);
     assert false { .asm = "adrp x16, #0x11000"; .opcode = "0xb0000090" };
     assert false { .asm = "ldr x17, [x16]"; .opcode = "0xf9400211" };
     assert false { .asm = "add x16, x16, #0"; .opcode = "0x91000210" };
     assert false { .asm = "br x17"; .opcode = "0xd61f0220" };
     assert boolor();
     unreachable;
   ]
];
proc @_init()  -> () {  }
  requires boolor(eq(0x5e0:bv64, $PC))

[
   block %gtirb_1 [
     assume eq(0x5e0:bv64, $PC);
     assert false { .asm = "nop "; .opcode = "0xd503201f" };
     assert false { .asm = "stp x29, x30, [sp, #-0x10]!"; .opcode = "0xa9bf7bfd" };
     assert false { .asm = "mov x29, sp"; .opcode = "0x910003fd" };
     assert false { .asm = "bl #0xc8"; .opcode = "0x94000032" };
     assert boolor(eq(0x6b4:bv64, $PC), eq(0x5f0:bv64, $PC));
     goto (%gtirb);
   ];
   block %gtirb [
     assume eq(0x5f0:bv64, $PC);
     assert false { .asm = "ldp x29, x30, [sp], #0x10"; .opcode = "0xa8c17bfd" };
     assert false { .asm = "ret "; .opcode = "0xd65f03c0" };
     assert boolor();
     return;
   ]
];
proc @set_six()  -> () {  }
  requires boolor(eq(0x7a8:bv64, $PC))

[
   block %gtirb [
     assume eq(0x7a8:bv64, $PC);
     assert false { .asm = "adrp x9, #0x10000"; .opcode = "0x90000089" };
     assert false { .asm = "ldr x9, [x9, #0xfb0]"; .opcode = "0xf947d929" };
     assert false { .asm = "mov w8, #6"; .opcode = "0x528000c8" };
     assert false { .asm = "str w8, [x9]"; .opcode = "0xb9000128" };
     assert false { .asm = "ret "; .opcode = "0xd65f03c0" };
     assert boolor(eq(0x86c:bv64, $PC));
     return;
   ]
];
proc @_fini()  -> () {  }
  requires boolor(eq(0x87c:bv64, $PC))

[
   block %gtirb_1 [
     assume eq(0x87c:bv64, $PC);
     assert false { .asm = "nop "; .opcode = "0xd503201f" };
     assert false { .asm = "stp x29, x30, [sp, #-0x10]!"; .opcode = "0xa9bf7bfd" };
     assert false { .asm = "mov x29, sp"; .opcode = "0x910003fd" };
     assert boolor(eq(0x888:bv64, $PC));
     goto (%gtirb);
   ];
   block %gtirb [
     assume eq(0x888:bv64, $PC);
     assert false { .asm = "ldp x29, x30, [sp], #0x10"; .opcode = "0xa8c17bfd" };
     assert false { .asm = "ret "; .opcode = "0xd65f03c0" };
     assert boolor();
     return;
   ]
];