(load-gtirb ../../../examples/gtirb/basil/jumptable2/clang_O2/jumptable2.gts)
(dump-il)
var $PC:bv64;
proc @FUN_630()  -> () {  }
  requires boolor(eq(0x630:bv64, $PC))

[
   block %FUN_630_code { .gtirb_block = "pBfyGygRSoSBXzHGZHpw2A";
       .succ = [ { .conditional = "false"; .direct = "false";
               .target = "proxy:S0kzDtinRUOt2IP1P55i5A"; .type = "Type_Branch" } ] } [
     assume eq(0x630:bv64, $PC);
     call @_aarch64_eval(0xb0000090:bv32) { .asm = "adrp x16, #0x11000" };
     call @_aarch64_eval(0xf9400e11:bv32) { .asm = "ldr x17, [x16, #0x18]" };
     call @_aarch64_eval(0x91006210:bv32) { .asm = "add x16, x16, #0x18" };
     call @_aarch64_eval(0xd61f0220:bv32) { .asm = "br x17" };
     assert boolor();
     unreachable;
   ]
];
proc @add_two()  -> () {  }
  requires boolor(eq(0x754:bv64, $PC))

[
   block %add_two_code { .gtirb_block = "Y7f13oh7RqmVBWvxNXuniA";
       .succ = [ { .address = 1964; .conditional = "false"; .direct = "true";
               .target = "external:9JzDMe78T9KO0OnEp65uKg"; .type = "Type_Return" } ] } [
     assume eq(0x754:bv64, $PC);
     call @_aarch64_eval(0xb0000088:bv32) { .asm = "adrp x8, #0x11000" };
     call @_aarch64_eval(0xb9403109:bv32) { .asm = "ldr w9, [x8, #0x30]" };
     call @_aarch64_eval(0x11000929:bv32) { .asm = "add w9, w9, #2" };
     call @_aarch64_eval(0xb9003109:bv32) { .asm = "str w9, [x8, #0x30]" };
     call @_aarch64_eval(0xd65f03c0:bv32) { .asm = "ret " };
     assert boolor(eq(0x7ac:bv64, $PC));
     goto (%ret);
   ];
   block %ret [ return; ]
];
proc @sub_seven()  -> () {  }
  requires boolor(eq(0x77c:bv64, $PC))

[
   block %sub_seven_code { .gtirb_block = "ocbHXXGATjqAp6GkHigdUA";
       .succ = [ { .address = 1980; .conditional = "false"; .direct = "true";
               .target = "external:OhO+c77aTJ6ndOxW9PxJzQ"; .type = "Type_Return" } ] } [
     assume eq(0x77c:bv64, $PC);
     call @_aarch64_eval(0xb0000088:bv32) { .asm = "adrp x8, #0x11000" };
     call @_aarch64_eval(0xb9403109:bv32) { .asm = "ldr w9, [x8, #0x30]" };
     call @_aarch64_eval(0x51001d29:bv32) { .asm = "sub w9, w9, #7" };
     call @_aarch64_eval(0xb9003109:bv32) { .asm = "str w9, [x8, #0x30]" };
     call @_aarch64_eval(0xd65f03c0:bv32) { .asm = "ret " };
     assert boolor(eq(0x7bc:bv64, $PC));
     goto (%ret);
   ];
   block %ret [ return; ]
];
proc @_start()  -> () {  }
  requires boolor(eq(0x640:bv64, $PC))

[
   block %_start_code_1 { .gtirb_block = "XUr8FYmFSyaBtJ0rzB9W2g";
       .succ = [ { .address = 1536; .conditional = "false"; .direct = "true";
               .target = "stmts:ZUzysEftQcu1GoOEP5240Q"; .type = "Type_Call" } ] } [
     assume eq(0x640:bv64, $PC);
     call @_aarch64_eval(0xd503201f:bv32) { .asm = "nop " };
     call @_aarch64_eval(0xd280001d:bv32) { .asm = "mov x29, #0" };
     call @_aarch64_eval(0xd280001e:bv32) { .asm = "mov x30, #0" };
     call @_aarch64_eval(0xaa0003e5:bv32) { .asm = "mov x5, x0" };
     call @_aarch64_eval(0xf94003e1:bv32) { .asm = "ldr x1, [sp]" };
     call @_aarch64_eval(0x910023e2:bv32) { .asm = "add x2, sp, #8" };
     call @_aarch64_eval(0x910003e6:bv32) { .asm = "mov x6, sp" };
     call @_aarch64_eval(0x90000080:bv32) { .asm = "adrp x0, #0x10000" };
     call @_aarch64_eval(0xf947ec00:bv32) { .asm = "ldr x0, [x0, #0xfd8]" };
     call @_aarch64_eval(0xd2800003:bv32) { .asm = "mov x3, #0" };
     call @_aarch64_eval(0xd2800004:bv32) { .asm = "mov x4, #0" };
     call @_aarch64_eval(0x97ffffe5:bv32) { .asm = "bl #0xffffffffffffff94" };
     assert boolor(eq(0x600:bv64, $PC));
     goto (%_start_ext);
   ];
   block %_start_ext [
     assume eq(0x600:bv64, $PC);
     call @FUN_600();
     assert boolor(eq(0x670:bv64, $PC));
     goto (%_start_code);
   ];
   block %_start_code { .gtirb_block = "TmfC9HttRoSz+l2RJJBHMQ";
       .succ = [ { .address = 1584; .conditional = "false"; .direct = "true";
               .target = "stmts:pBfyGygRSoSBXzHGZHpw2A"; .type = "Type_Call" } ] } [
     assume eq(0x670:bv64, $PC);
     call @_aarch64_eval(0x97fffff0:bv32) { .asm = "bl #0xffffffffffffffc0" };
     assert boolor(eq(0x630:bv64, $PC));
     goto (%_start_ext_1);
   ];
   block %_start_ext_1 [
     assume eq(0x630:bv64, $PC);
     call @FUN_630();
     assert boolor();
     unreachable;
   ]
];
proc @deregister_tm_clones()  -> () {  }
  requires boolor(eq(0x690:bv64, $PC))

[
   block %deregister_tm_clones_code { .gtirb_block = "SPFAWGbeRvmuj5aWcr2sYA";
       .succ = [ { .address = 1724; .conditional = "true"; .direct = "true";
               .target = "internal:VGV65HLyS9yMwBQirqlW1w"; .type = "Type_Branch" } ] } [
     assume eq(0x690:bv64, $PC);
     call @_aarch64_eval(0xb0000080:bv32) { .asm = "adrp x0, #0x11000" };
     call @_aarch64_eval(0x91014000:bv32) { .asm = "add x0, x0, #0x50" };
     call @_aarch64_eval(0xb0000081:bv32) { .asm = "adrp x1, #0x11000" };
     call @_aarch64_eval(0x91014021:bv32) { .asm = "add x1, x1, #0x50" };
     call @_aarch64_eval(0xeb00003f:bv32) { .asm = "cmp x1, x0" };
     call @_aarch64_eval(0x540000c0:bv32) { .asm = "b.eq #0x18" };
     assert boolor(eq(0x6bc:bv64, $PC));
     goto (%deregister_tm_clones_code_1);
   ];
   block %deregister_tm_clones_code_1 { .gtirb_block = "VGV65HLyS9yMwBQirqlW1w";
       .succ = [ { .address = 1844; .conditional = "false"; .direct = "true";
               .target = "external:pnc+LwQHQmCW5QMY6WWa2g"; .type = "Type_Return" };
           { .address = 1704; .target = "internal:54TGCqYcQj21MKkYhmGz9Q" };
           { .address = 1716; .target = "internal:0Vt+6ct9QOaexuukGJ2h7w" } ] } [
     assume eq(0x6bc:bv64, $PC);
     call @_aarch64_eval(0xd65f03c0:bv32) { .asm = "ret " };
     assert boolor(eq(0x734:bv64, $PC), eq(0x6a8:bv64, $PC), eq(0x6b4:bv64, $PC));
     goto (%ret_3,%deregister_tm_clones_code_3,%deregister_tm_clones_code_2);
   ];
   block %deregister_tm_clones_code_2 { .gtirb_block = "0Vt+6ct9QOaexuukGJ2h7w";
       .succ = [ { .conditional = "false"; .direct = "false";
               .target = "proxy:ppOUncPWSwK5ElU3ZxzjZA"; .type = "Type_Branch" } ] } [
     assume eq(0x6b4:bv64, $PC);
     call @_aarch64_eval(0xaa0103f0:bv32) { .asm = "mov x16, x1" };
     call @_aarch64_eval(0xd61f0200:bv32) { .asm = "br x16" };
     assert boolor();
     unreachable;
   ];
   block %deregister_tm_clones_code_3 { .gtirb_block = "54TGCqYcQj21MKkYhmGz9Q";
       .succ = [ { .address = 1724; .conditional = "true"; .direct = "true";
               .target = "internal:VGV65HLyS9yMwBQirqlW1w"; .type = "Type_Branch" } ] } [
     assume eq(0x6a8:bv64, $PC);
     call @_aarch64_eval(0x90000081:bv32) { .asm = "adrp x1, #0x10000" };
     call @_aarch64_eval(0xf947e021:bv32) { .asm = "ldr x1, [x1, #0xfc0]" };
     call @_aarch64_eval(0xb4000061:bv32) { .asm = "cbz x1, #0xc" };
     assert boolor(eq(0x6bc:bv64, $PC));
     goto (%deregister_tm_clones_code_1);
   ];
   block %ret_3 [ return; ]
];
proc @register_tm_clones()  -> () {  }
  requires boolor(eq(0x6c0:bv64, $PC))

[
   block %register_tm_clones_code_4 { .gtirb_block = "9VRexEdJRJ2FrQWF2sOLvw";
       .succ = [ { .address = 1784; .conditional = "true"; .direct = "true";
               .target = "internal:7jssUBjyS3uJGxroy0a1/Q"; .type = "Type_Branch" } ] } [
     assume eq(0x6c0:bv64, $PC);
     call @_aarch64_eval(0xb0000080:bv32) { .asm = "adrp x0, #0x11000" };
     call @_aarch64_eval(0x91014000:bv32) { .asm = "add x0, x0, #0x50" };
     call @_aarch64_eval(0xb0000081:bv32) { .asm = "adrp x1, #0x11000" };
     call @_aarch64_eval(0x91014021:bv32) { .asm = "add x1, x1, #0x50" };
     call @_aarch64_eval(0xcb000021:bv32) { .asm = "sub x1, x1, x0" };
     call @_aarch64_eval(0xd37ffc22:bv32) { .asm = "lsr x2, x1, #0x3f" };
     call @_aarch64_eval(0x8b810c41:bv32) { .asm = "add x1, x2, x1, asr #3" };
     call @_aarch64_eval(0x9341fc21:bv32) { .asm = "asr x1, x1, #1" };
     call @_aarch64_eval(0xb40000c1:bv32) { .asm = "cbz x1, #0x18" };
     assert boolor(eq(0x6f8:bv64, $PC));
     goto (%register_tm_clones_code_3);
   ];
   block %register_tm_clones_code_3 { .gtirb_block = "7jssUBjyS3uJGxroy0a1/Q";
       .succ = [ { .conditional = "false"; .direct = "false";
               .target = "proxy:ppOUncPWSwK5ElU3ZxzjZA"; .type = "Type_Return" };
           { .address = 1776; .target = "internal:mkdK/Ux0SpauQWIO4e7zPw" };
           { .address = 1764; .target = "internal:FLGLgnsSTF6gzGMTIUjW8w" } ] } [
     assume eq(0x6f8:bv64, $PC);
     call @_aarch64_eval(0xd65f03c0:bv32) { .asm = "ret " };
     assert boolor(eq(0x6f0:bv64, $PC), eq(0x6e4:bv64, $PC));
     goto (%ret_4,%register_tm_clones_code_1,%register_tm_clones_code);
   ];
   block %register_tm_clones_code { .gtirb_block = "FLGLgnsSTF6gzGMTIUjW8w";
       .succ = [ { .address = 1784; .conditional = "true"; .direct = "true";
               .target = "internal:7jssUBjyS3uJGxroy0a1/Q"; .type = "Type_Branch" } ] } [
     assume eq(0x6e4:bv64, $PC);
     call @_aarch64_eval(0x90000082:bv32) { .asm = "adrp x2, #0x10000" };
     call @_aarch64_eval(0xf947f042:bv32) { .asm = "ldr x2, [x2, #0xfe0]" };
     call @_aarch64_eval(0xb4000062:bv32) { .asm = "cbz x2, #0xc" };
     assert boolor(eq(0x6f8:bv64, $PC));
     goto (%register_tm_clones_code_3);
   ];
   block %register_tm_clones_code_1 { .gtirb_block = "mkdK/Ux0SpauQWIO4e7zPw";
       .succ = [ { .conditional = "false"; .direct = "false";
               .target = "proxy:ppOUncPWSwK5ElU3ZxzjZA"; .type = "Type_Branch" } ] } [
     assume eq(0x6f0:bv64, $PC);
     call @_aarch64_eval(0xaa0203f0:bv32) { .asm = "mov x16, x2" };
     call @_aarch64_eval(0xd61f0200:bv32) { .asm = "br x16" };
     assert boolor();
     unreachable;
   ];
   block %ret_4 [ return; ]
];
proc @FUN_600()  -> () {  }
  requires boolor(eq(0x600:bv64, $PC))

[
   block %FUN_600_code { .gtirb_block = "ZUzysEftQcu1GoOEP5240Q";
       .succ = [ { .conditional = "false"; .direct = "false";
               .target = "proxy:/indHdBVT0SV1rwZOrBhAQ"; .type = "Type_Branch" } ] } [
     assume eq(0x600:bv64, $PC);
     call @_aarch64_eval(0xb0000090:bv32) { .asm = "adrp x16, #0x11000" };
     call @_aarch64_eval(0xf9400211:bv32) { .asm = "ldr x17, [x16]" };
     call @_aarch64_eval(0x91000210:bv32) { .asm = "add x16, x16, #0" };
     call @_aarch64_eval(0xd61f0220:bv32) { .asm = "br x17" };
     assert boolor();
     unreachable;
   ]
];
proc @_fini()  -> () {  }
  requires boolor(eq(0x7cc:bv64, $PC))

[
   block %_fini_code { .gtirb_block = "wwEjY5q7SSyzxf8mK5wFuw"; .succ = [  ] } [
     assume eq(0x7cc:bv64, $PC);
     call @_aarch64_eval(0xd503201f:bv32) { .asm = "nop " };
     call @_aarch64_eval(0xa9bf7bfd:bv32) { .asm = "stp x29, x30, [sp, #-0x10]!" };
     call @_aarch64_eval(0x910003fd:bv32) { .asm = "mov x29, sp" };
     assert boolor();
     unreachable;
   ]
];
proc @add_six()  -> () {  }
  requires boolor(eq(0x768:bv64, $PC))

[
   block %add_six_code { .gtirb_block = "xWsLZ13VTJuk/UvRVjK3kQ";
       .succ = [ { .address = 1972; .conditional = "false"; .direct = "true";
               .target = "external:F9IXiDuaS2S+EwbOz5HUEw"; .type = "Type_Return" } ] } [
     assume eq(0x768:bv64, $PC);
     call @_aarch64_eval(0xb0000088:bv32) { .asm = "adrp x8, #0x11000" };
     call @_aarch64_eval(0xb9403109:bv32) { .asm = "ldr w9, [x8, #0x30]" };
     call @_aarch64_eval(0x11001929:bv32) { .asm = "add w9, w9, #6" };
     call @_aarch64_eval(0xb9003109:bv32) { .asm = "str w9, [x8, #0x30]" };
     call @_aarch64_eval(0xd65f03c0:bv32) { .asm = "ret " };
     assert boolor(eq(0x7b4:bv64, $PC));
     goto (%ret);
   ];
   block %ret [ return; ]
];
proc @_init()  -> () {  }
  requires boolor(eq(0x5c8:bv64, $PC))

[
   block %_init_code { .gtirb_block = "YtFmqWtCQKe0bTdo6pn9qQ";
       .succ = [ { .address = 1652; .conditional = "false"; .direct = "true";
               .target = "stmts:ogDPaSTWQ2GGVEo1C4mc+g"; .type = "Type_Call" } ] } [
     assume eq(0x5c8:bv64, $PC);
     call @_aarch64_eval(0xd503201f:bv32) { .asm = "nop " };
     call @_aarch64_eval(0xa9bf7bfd:bv32) { .asm = "stp x29, x30, [sp, #-0x10]!" };
     call @_aarch64_eval(0x910003fd:bv32) { .asm = "mov x29, sp" };
     call @_aarch64_eval(0x94000028:bv32) { .asm = "bl #0xa0" };
     assert boolor(eq(0x674:bv64, $PC));
     goto (%_init_ext);
   ];
   block %_init_ext [
     assume eq(0x674:bv64, $PC);
     call @call_weak_fn();
     assert boolor(eq(0x5d8:bv64, $PC));
     goto (%_init_code_1);
   ];
   block %_init_code_1 { .gtirb_block = "/IrGzBXBRam6zWI1bAMMew";
       .succ = [ { .conditional = "false"; .direct = "false";
               .target = "proxy:ppOUncPWSwK5ElU3ZxzjZA"; .type = "Type_Return" } ] } [
     assume eq(0x5d8:bv64, $PC);
     call @_aarch64_eval(0xa8c17bfd:bv32) { .asm = "ldp x29, x30, [sp], #0x10" };
     call @_aarch64_eval(0xd65f03c0:bv32) { .asm = "ret " };
     assert boolor();
     goto (%ret_1);
   ];
   block %ret_1 [ return; ]
];
proc @.L_620()  -> () {  }
  requires boolor(eq(0x620:bv64, $PC))

[
   block %L_620_code { .gtirb_block = "NcQxHBhKRAu8zQEWGvYYQw";
       .succ = [ { .conditional = "false"; .direct = "false";
               .target = "proxy:4NWeXogbTjSbJeH0WyYLPw"; .type = "Type_Branch" } ] } [
     assume eq(0x620:bv64, $PC);
     call @_aarch64_eval(0xb0000090:bv32) { .asm = "adrp x16, #0x11000" };
     call @_aarch64_eval(0xf9400a11:bv32) { .asm = "ldr x17, [x16, #0x10]" };
     call @_aarch64_eval(0x91004210:bv32) { .asm = "add x16, x16, #0x10" };
     call @_aarch64_eval(0xd61f0220:bv32) { .asm = "br x17" };
     assert boolor();
     unreachable;
   ]
];
proc @FUN_5e0()  -> () {  }
  requires boolor(eq(0x5e0:bv64, $PC))

[
   block %FUN_5e0_code { .gtirb_block = "/fGikk6QRYawlelTcj0B0A";
       .succ = [ { .conditional = "false"; .direct = "false";
               .target = "proxy:ppOUncPWSwK5ElU3ZxzjZA"; .type = "Type_Branch" } ] } [
     assume eq(0x5e0:bv64, $PC);
     call @_aarch64_eval(0xa9bf7bf0:bv32) { .asm = "stp x16, x30, [sp, #-0x10]!" };
     call @_aarch64_eval(0x90000090:bv32) { .asm = "adrp x16, #0x10000" };
     call @_aarch64_eval(0xf947fe11:bv32) { .asm = "ldr x17, [x16, #0xff8]" };
     call @_aarch64_eval(0x913fe210:bv32) { .asm = "add x16, x16, #0xff8" };
     call @_aarch64_eval(0xd61f0220:bv32) { .asm = "br x17" };
     assert boolor();
     unreachable;
   ]
];
proc @FUN_610()  -> () {  }
  requires boolor(eq(0x610:bv64, $PC))

[
   block %FUN_610_code { .gtirb_block = "tvEh5GKbSSiFQhTOrd9+5w";
       .succ = [ { .conditional = "false"; .direct = "false";
               .target = "proxy:Nj6kQRR4TLmLWpwsLVfsrQ"; .type = "Type_Branch" } ] } [
     assume eq(0x610:bv64, $PC);
     call @_aarch64_eval(0xb0000090:bv32) { .asm = "adrp x16, #0x11000" };
     call @_aarch64_eval(0xf9400611:bv32) { .asm = "ldr x17, [x16, #8]" };
     call @_aarch64_eval(0x91002210:bv32) { .asm = "add x16, x16, #8" };
     call @_aarch64_eval(0xd61f0220:bv32) { .asm = "br x17" };
     assert boolor();
     unreachable;
   ]
];
proc @frame_dummy()  -> () {  }
  requires boolor(eq(0x750:bv64, $PC))

[
   block %frame_dummy_code { .gtirb_block = "n87fH65PT/aCY2VQ+3xx2g";
       .succ = [ { .address = 1728; .conditional = "false"; .direct = "true";
               .target = "stmts:9VRexEdJRJ2FrQWF2sOLvw"; .type = "Type_Branch" } ] } [
     assume eq(0x750:bv64, $PC);
     call @_aarch64_eval(0x17ffffdc:bv32) { .asm = "b #0xffffffffffffff70" };
     assert boolor(eq(0x6c0:bv64, $PC));
     goto (%frame_dummy_ext);
   ];
   block %frame_dummy_ext [
     assume eq(0x6c0:bv64, $PC);
     call @register_tm_clones();
     assert boolor();
     unreachable;
   ]
];
proc @main()  -> () {  }
  requires boolor(eq(0x790:bv64, $PC))

[
   block %main_code_2 { .gtirb_block = "wC7NIj00StStGxM0LI2VwQ";
       .succ = [ { .address = 1876; .conditional = "false"; .direct = "false";
               .target = "stmts:Y7f13oh7RqmVBWvxNXuniA"; .type = "Type_Call" } ] } [
     assume eq(0x790:bv64, $PC);
     call @_aarch64_eval(0xa9be7bfd:bv32) { .asm = "stp x29, x30, [sp, #-0x20]!" };
     call @_aarch64_eval(0xf9000bf3:bv32) { .asm = "str x19, [sp, #0x10]" };
     call @_aarch64_eval(0x910003fd:bv32) { .asm = "mov x29, sp" };
     call @_aarch64_eval(0xb0000093:bv32) { .asm = "adrp x19, #0x11000" };
     call @_aarch64_eval(0x9100e273:bv32) { .asm = "add x19, x19, #0x38" };
     call @_aarch64_eval(0xf9400268:bv32) { .asm = "ldr x8, [x19]" };
     call @_aarch64_eval(0xd63f0100:bv32) { .asm = "blr x8" };
     assert boolor(eq(0x754:bv64, $PC));
     goto (%main_ext);
   ];
   block %main_ext [
     assume eq(0x754:bv64, $PC);
     call @add_two();
     assert boolor(eq(0x7ac:bv64, $PC));
     goto (%main_code_3);
   ];
   block %main_code_3 { .gtirb_block = "9JzDMe78T9KO0OnEp65uKg";
       .succ = [ { .address = 1896; .conditional = "false"; .direct = "false";
               .target = "stmts:xWsLZ13VTJuk/UvRVjK3kQ"; .type = "Type_Call" } ] } [
     assume eq(0x7ac:bv64, $PC);
     call @_aarch64_eval(0xf9400668:bv32) { .asm = "ldr x8, [x19, #8]" };
     call @_aarch64_eval(0xd63f0100:bv32) { .asm = "blr x8" };
     assert boolor(eq(0x768:bv64, $PC));
     goto (%main_ext_2);
   ];
   block %main_ext_2 [
     assume eq(0x768:bv64, $PC);
     call @add_six();
     assert boolor(eq(0x7b4:bv64, $PC));
     goto (%main_code);
   ];
   block %main_code { .gtirb_block = "F9IXiDuaS2S+EwbOz5HUEw";
       .succ = [ { .address = 1916; .conditional = "false"; .direct = "false";
               .target = "stmts:ocbHXXGATjqAp6GkHigdUA"; .type = "Type_Call" } ] } [
     assume eq(0x7b4:bv64, $PC);
     call @_aarch64_eval(0xf9400a68:bv32) { .asm = "ldr x8, [x19, #0x10]" };
     call @_aarch64_eval(0xd63f0100:bv32) { .asm = "blr x8" };
     assert boolor(eq(0x77c:bv64, $PC));
     goto (%main_ext_1);
   ];
   block %main_ext_1 [
     assume eq(0x77c:bv64, $PC);
     call @sub_seven();
     assert boolor(eq(0x7bc:bv64, $PC));
     goto (%main_code_1);
   ];
   block %main_code_1 { .gtirb_block = "OhO+c77aTJ6ndOxW9PxJzQ";
       .succ = [ { .conditional = "false"; .direct = "false";
               .target = "proxy:ppOUncPWSwK5ElU3ZxzjZA"; .type = "Type_Return" } ] } [
     assume eq(0x7bc:bv64, $PC);
     call @_aarch64_eval(0x2a1f03e0:bv32) { .asm = "mov w0, wzr" };
     call @_aarch64_eval(0xf9400bf3:bv32) { .asm = "ldr x19, [sp, #0x10]" };
     call @_aarch64_eval(0xa8c27bfd:bv32) { .asm = "ldp x29, x30, [sp], #0x20" };
     call @_aarch64_eval(0xd65f03c0:bv32) { .asm = "ret " };
     assert boolor();
     goto (%ret_1);
   ];
   block %ret_1 [ return; ]
];
proc @__do_global_dtors_aux()  -> () {  }
  requires boolor(eq(0x700:bv64, $PC))

[
   block %__do_global_dtors_aux_code { .gtirb_block = "CgkWIxCTQ4qx8biBaAJ2qA";
       .succ = [ { .address = 1852; .conditional = "true"; .direct = "true";
               .target = "internal:M+dc12dGQ9eqhZDrh5n6kA"; .type = "Type_Branch" } ] } [
     assume eq(0x700:bv64, $PC);
     call @_aarch64_eval(0xa9be7bfd:bv32) { .asm = "stp x29, x30, [sp, #-0x20]!" };
     call @_aarch64_eval(0x910003fd:bv32) { .asm = "mov x29, sp" };
     call @_aarch64_eval(0xf9000bf3:bv32) { .asm = "str x19, [sp, #0x10]" };
     call @_aarch64_eval(0xb0000093:bv32) { .asm = "adrp x19, #0x11000" };
     call @_aarch64_eval(0x39414260:bv32) { .asm = "ldrb w0, [x19, #0x50]" };
     call @_aarch64_eval(0x35000140:bv32) { .asm = "cbnz w0, #0x28" };
     assert boolor(eq(0x73c:bv64, $PC));
     goto (%__do_global_dtors_aux_code_2);
   ];
   block %__do_global_dtors_aux_code_2 { .gtirb_block = "M+dc12dGQ9eqhZDrh5n6kA";
       .succ = [ { .conditional = "false"; .direct = "false";
               .target = "proxy:ppOUncPWSwK5ElU3ZxzjZA"; .type = "Type_Return" };
           { .address = 1816; .target = "internal:FdMiVDcmRo2W3q+LfSvIHQ" } ] } [
     assume eq(0x73c:bv64, $PC);
     call @_aarch64_eval(0xf9400bf3:bv32) { .asm = "ldr x19, [sp, #0x10]" };
     call @_aarch64_eval(0xa8c27bfd:bv32) { .asm = "ldp x29, x30, [sp], #0x20" };
     call @_aarch64_eval(0xd65f03c0:bv32) { .asm = "ret " };
     assert boolor(eq(0x718:bv64, $PC));
     goto (%ret_3,%__do_global_dtors_aux_code_1);
   ];
   block %__do_global_dtors_aux_code_1 { .gtirb_block = "FdMiVDcmRo2W3q+LfSvIHQ";
       .succ = [ { .address = 1840; .conditional = "true"; .direct = "true";
               .target = "internal:Zvnno1L/QJ2SpN3M5S8i2A"; .type = "Type_Branch" } ] } [
     assume eq(0x718:bv64, $PC);
     call @_aarch64_eval(0x90000080:bv32) { .asm = "adrp x0, #0x10000" };
     call @_aarch64_eval(0xf947e400:bv32) { .asm = "ldr x0, [x0, #0xfc8]" };
     call @_aarch64_eval(0xb4000080:bv32) { .asm = "cbz x0, #0x10" };
     assert boolor(eq(0x730:bv64, $PC));
     goto (%__do_global_dtors_aux_code_4);
   ];
   block %__do_global_dtors_aux_code_4 { .gtirb_block = "Zvnno1L/QJ2SpN3M5S8i2A";
       .succ = [ { .address = 1680; .conditional = "false"; .direct = "true";
               .target = "stmts:SPFAWGbeRvmuj5aWcr2sYA"; .type = "Type_Call" };
           { .address = 1828; .target = "internal:OAcQd/3uSAiS1PfnJHaK/w" } ] } [
     assume eq(0x730:bv64, $PC);
     call @_aarch64_eval(0x97ffffd8:bv32) { .asm = "bl #0xffffffffffffff60" };
     assert boolor(eq(0x690:bv64, $PC), eq(0x724:bv64, $PC));
     goto (%__do_global_dtors_aux_ext,%__do_global_dtors_aux_code_3);
   ];
   block %__do_global_dtors_aux_code_3 { .gtirb_block = "OAcQd/3uSAiS1PfnJHaK/w";
       .succ = [ { .address = 1552; .conditional = "false"; .direct = "true";
               .target = "stmts:tvEh5GKbSSiFQhTOrd9+5w"; .type = "Type_Call" };
           { .address = 1844; .target = "internal:pnc+LwQHQmCW5QMY6WWa2g" } ] } [
     assume eq(0x724:bv64, $PC);
     call @_aarch64_eval(0xb0000080:bv32) { .asm = "adrp x0, #0x11000" };
     call @_aarch64_eval(0xf9401400:bv32) { .asm = "ldr x0, [x0, #0x28]" };
     call @_aarch64_eval(0x97ffffb9:bv32) { .asm = "bl #0xfffffffffffffee4" };
     assert boolor(eq(0x610:bv64, $PC), eq(0x734:bv64, $PC));
     goto (%__do_global_dtors_aux_ext_1,%__do_global_dtors_aux_code_6);
   ];
   block %__do_global_dtors_aux_ext_1 [
     assume eq(0x610:bv64, $PC);
     call @FUN_610();
     assert boolor(eq(0x730:bv64, $PC));
     goto (%__do_global_dtors_aux_code_4);
   ];
   block %__do_global_dtors_aux_ext [
     assume eq(0x690:bv64, $PC);
     call @deregister_tm_clones();
     assert boolor(eq(0x734:bv64, $PC));
     goto (%__do_global_dtors_aux_code_6);
   ];
   block %__do_global_dtors_aux_code_6 { .gtirb_block = "pnc+LwQHQmCW5QMY6WWa2g";
       .succ = [  ] } [
     assume eq(0x734:bv64, $PC);
     call @_aarch64_eval(0x52800020:bv32) { .asm = "mov w0, #1" };
     call @_aarch64_eval(0x39014260:bv32) { .asm = "strb w0, [x19, #0x50]" };
     assert boolor();
     unreachable;
   ];
   block %ret_3 [ return; ]
];
proc @call_weak_fn()  -> () {  }
  requires boolor(eq(0x674:bv64, $PC))

[
   block %call_weak_fn_code_2 { .gtirb_block = "ogDPaSTWQ2GGVEo1C4mc+g";
       .succ = [ { .address = 1668; .conditional = "true"; .direct = "true";
               .target = "internal:PzMvaY+NSw2OL/r++zeQlA"; .type = "Type_Branch" } ] } [
     assume eq(0x674:bv64, $PC);
     call @_aarch64_eval(0x90000080:bv32) { .asm = "adrp x0, #0x10000" };
     call @_aarch64_eval(0xf947e800:bv32) { .asm = "ldr x0, [x0, #0xfd0]" };
     call @_aarch64_eval(0xb4000040:bv32) { .asm = "cbz x0, #8" };
     assert boolor(eq(0x684:bv64, $PC));
     goto (%call_weak_fn_code_1);
   ];
   block %call_weak_fn_code_1 { .gtirb_block = "PzMvaY+NSw2OL/r++zeQlA";
       .succ = [ { .address = 1496; .conditional = "false"; .direct = "true";
               .target = "external:/IrGzBXBRam6zWI1bAMMew"; .type = "Type_Return" };
           { .address = 1664; .target = "internal:C44hj6XETJWKDHgbDuzlAA" } ] } [
     assume eq(0x684:bv64, $PC);
     call @_aarch64_eval(0xd65f03c0:bv32) { .asm = "ret " };
     assert boolor(eq(0x5d8:bv64, $PC), eq(0x680:bv64, $PC));
     goto (%ret_2,%call_weak_fn_code);
   ];
   block %call_weak_fn_code { .gtirb_block = "C44hj6XETJWKDHgbDuzlAA";
       .succ = [ { .address = 1568; .conditional = "false"; .direct = "true";
               .target = "stmts:NcQxHBhKRAu8zQEWGvYYQw"; .type = "Type_Branch" } ] } [
     assume eq(0x680:bv64, $PC);
     call @_aarch64_eval(0x17ffffe8:bv32) { .asm = "b #0xffffffffffffffa0" };
     assert boolor(eq(0x620:bv64, $PC));
     goto (%call_weak_fn_ext_1);
   ];
   block %call_weak_fn_ext_1 [
     assume eq(0x620:bv64, $PC);
     call @.L_620();
     assert boolor();
     unreachable;
   ];
   block %ret_2 [ return; ]
];
prog entry @_start;