(load-gtirb ../../../examples/gtirb/basil/indirect_call/gcc/indirect_call.gts)
(dump-il)
var $PC:bv64;
proc @FUN_630()  -> () {  }
  requires boolor(eq(0x630:bv64, $PC))

[
   block %FUN_630_code { .gtirb_block = "tuyfiXKhQwyDbRrxvmvI3A";
       .succ = [ { .conditional = "false"; .direct = "false";
               .target = "proxy:hZ1qoHR9QUCj8LuYmsCsKQ"; .type = "Type_Branch" } ] } [
     assume eq(0x630:bv64, $PC);
     call @_aarch64_eval(0x90000090:bv32) { .asm = "adrp x16, #0x10000" };
     call @_aarch64_eval(0xf947e611:bv32) { .asm = "ldr x17, [x16, #0xfc8]" };
     call @_aarch64_eval(0x913f2210:bv32) { .asm = "add x16, x16, #0xfc8" };
     call @_aarch64_eval(0xd61f0220:bv32) { .asm = "br x17" };
     assert boolor();
     unreachable;
   ]
];
proc @FUN_5f0()  -> () {  }
  requires boolor(eq(0x5f0:bv64, $PC))

[
   block %FUN_5f0_code { .gtirb_block = "ypgLzVh6QOyJgltweC0+HQ";
       .succ = [ { .conditional = "false"; .direct = "false";
               .target = "proxy:gsgfkNvNRMCn4q2QcEJPXQ"; .type = "Type_Branch" } ] } [
     assume eq(0x5f0:bv64, $PC);
     call @_aarch64_eval(0x90000090:bv32) { .asm = "adrp x16, #0x10000" };
     call @_aarch64_eval(0xf947d611:bv32) { .asm = "ldr x17, [x16, #0xfa8]" };
     call @_aarch64_eval(0x913ea210:bv32) { .asm = "add x16, x16, #0xfa8" };
     call @_aarch64_eval(0xd61f0220:bv32) { .asm = "br x17" };
     assert boolor();
     unreachable;
   ]
];
proc @call_weak_fn()  -> () {  }
  requires boolor(eq(0x674:bv64, $PC))

[
   block %call_weak_fn_code { .gtirb_block = "h3sucQknQTiu0SMIvbrnqQ";
       .succ = [ { .address = 1668; .conditional = "true"; .direct = "true";
               .target = "internal:ruo9DCMgSxuvRHatLWXzAQ"; .type = "Type_Branch" };
           { .address = 1664; .conditional = "true"; .direct = "true";
               .target = "internal:mSiuJzMbTUKMU0UrWOusJg";
               .type = "Type_Fallthrough" } ] } [
     assume eq(0x674:bv64, $PC);
     call @_aarch64_eval(0x90000080:bv32) { .asm = "adrp x0, #0x10000" };
     call @_aarch64_eval(0xf947f400:bv32) { .asm = "ldr x0, [x0, #0xfe8]" };
     call @_aarch64_eval(0xb4000040:bv32) { .asm = "cbz x0, #8" };
     assert boolor(eq(0x684:bv64, $PC), eq(0x680:bv64, $PC));
     goto (%call_weak_fn_code_2,%call_weak_fn_code_1);
   ];
   block %call_weak_fn_code_1 { .gtirb_block = "mSiuJzMbTUKMU0UrWOusJg";
       .succ = [ { .address = 1552; .conditional = "false"; .direct = "true";
               .target = "stmts:jeiXcfCQSXqbryskO0mCaw"; .type = "Type_Branch" } ] } [
     assume eq(0x680:bv64, $PC);
     call @_aarch64_eval(0x17ffffe4:bv32) { .asm = "b #0xffffffffffffff90" };
     assert boolor(eq(0x610:bv64, $PC));
     goto (%call_weak_fn_ext_1);
   ];
   block %call_weak_fn_ext_1 [
     assume eq(0x610:bv64, $PC);
     call @.L_610();
     assert boolor();
     unreachable;
   ];
   block %call_weak_fn_code_2 { .gtirb_block = "ruo9DCMgSxuvRHatLWXzAQ";
       .succ = [ { .address = 1480; .conditional = "false"; .direct = "true";
               .target = "external:cjc45g0SS3WFCRExVappyA"; .type = "Type_Return" } ] } [
     assume eq(0x684:bv64, $PC);
     call @_aarch64_eval(0xd65f03c0:bv32) { .asm = "ret " };
     assert boolor(eq(0x5c8:bv64, $PC));
     goto (%ret_3);
   ];
   block %ret_3 [ return; ]
];
proc @main()  -> () {  }
  requires boolor(eq(0x774:bv64, $PC))

[
   block %main_code_2 { .gtirb_block = "w0OdBToKQa2Q58glCiVypg";
       .succ = [ { .address = 1584; .conditional = "false"; .direct = "true";
               .target = "stmts:tuyfiXKhQwyDbRrxvmvI3A"; .type = "Type_Call" } ] } [
     assume eq(0x774:bv64, $PC);
     call @_aarch64_eval(0xa9be7bfd:bv32) { .asm = "stp x29, x30, [sp, #-0x20]!" };
     call @_aarch64_eval(0x910003fd:bv32) { .asm = "mov x29, sp" };
     call @_aarch64_eval(0x90000000:bv32) { .asm = "adrp x0, #0" };
     call @_aarch64_eval(0x911d5000:bv32) { .asm = "add x0, x0, #0x754" };
     call @_aarch64_eval(0xf9000fe0:bv32) { .asm = "str x0, [sp, #0x18]" };
     call @_aarch64_eval(0x90000000:bv32) { .asm = "adrp x0, #0" };
     call @_aarch64_eval(0x911f6000:bv32) { .asm = "add x0, x0, #0x7d8" };
     call @_aarch64_eval(0x97ffffa8:bv32) { .asm = "bl #0xfffffffffffffea0" };
     assert boolor(eq(0x630:bv64, $PC));
     goto (%main_ext);
   ];
   block %main_ext [
     assume eq(0x630:bv64, $PC);
     call @FUN_630();
     assert boolor(eq(0x794:bv64, $PC));
     goto (%main_code_1);
   ];
   block %main_code_1 { .gtirb_block = "XCDB1coVTJ2EOAyBt9pNGg";
       .succ = [ { .address = 1876; .conditional = "false"; .direct = "false";
               .target = "stmts:81FUb/xuSnaFuKB7SDT2jQ"; .type = "Type_Call" } ] } [
     assume eq(0x794:bv64, $PC);
     call @_aarch64_eval(0xf9400fe0:bv32) { .asm = "ldr x0, [sp, #0x18]" };
     call @_aarch64_eval(0xd63f0000:bv32) { .asm = "blr x0" };
     assert boolor(eq(0x754:bv64, $PC));
     goto (%main_ext_1);
   ];
   block %main_ext_1 [
     assume eq(0x754:bv64, $PC);
     call @greet();
     assert boolor(eq(0x79c:bv64, $PC));
     goto (%main_code);
   ];
   block %main_code { .gtirb_block = "CUvNMZuRSsiLfPsNmfjI/Q";
       .succ = [ { .conditional = "false"; .direct = "false";
               .target = "proxy:untdPmduTCas6vQrmwoI2A"; .type = "Type_Return" } ] } [
     assume eq(0x79c:bv64, $PC);
     call @_aarch64_eval(0x52800000:bv32) { .asm = "mov w0, #0" };
     call @_aarch64_eval(0xa8c27bfd:bv32) { .asm = "ldp x29, x30, [sp], #0x20" };
     call @_aarch64_eval(0xd65f03c0:bv32) { .asm = "ret " };
     assert boolor();
     goto (%ret);
   ];
   block %ret [ return; ]
];
proc @_fini()  -> () {  }
  requires boolor(eq(0x7a8:bv64, $PC))

[
   block %_fini_code { .gtirb_block = "LTQcApSMQ62pr9sjbNhdMg";
       .succ = [ { .address = 1972; .conditional = "false"; .direct = "true";
               .target = "internal:XpIff/D+QfWEHa0pKv1c4A";
               .type = "Type_Fallthrough" } ] } [
     assume eq(0x7a8:bv64, $PC);
     call @_aarch64_eval(0xd503201f:bv32) { .asm = "nop " };
     call @_aarch64_eval(0xa9bf7bfd:bv32) { .asm = "stp x29, x30, [sp, #-0x10]!" };
     call @_aarch64_eval(0x910003fd:bv32) { .asm = "mov x29, sp" };
     assert boolor(eq(0x7b4:bv64, $PC));
     goto (%_fini_code_1);
   ];
   block %_fini_code_1 { .gtirb_block = "XpIff/D+QfWEHa0pKv1c4A";
       .succ = [ { .conditional = "false"; .direct = "false";
               .target = "proxy:untdPmduTCas6vQrmwoI2A"; .type = "Type_Return" } ] } [
     assume eq(0x7b4:bv64, $PC);
     call @_aarch64_eval(0xa8c17bfd:bv32) { .asm = "ldp x29, x30, [sp], #0x10" };
     call @_aarch64_eval(0xd65f03c0:bv32) { .asm = "ret " };
     assert boolor();
     goto (%ret_1);
   ];
   block %ret_1 [ return; ]
];
proc @_init()  -> () {  }
  requires boolor(eq(0x5b8:bv64, $PC))

[
   block %_init_code_1 { .gtirb_block = "stcs92a3T7ms8qR3JRLCzQ";
       .succ = [ { .address = 1652; .conditional = "false"; .direct = "true";
               .target = "stmts:h3sucQknQTiu0SMIvbrnqQ"; .type = "Type_Call" } ] } [
     assume eq(0x5b8:bv64, $PC);
     call @_aarch64_eval(0xd503201f:bv32) { .asm = "nop " };
     call @_aarch64_eval(0xa9bf7bfd:bv32) { .asm = "stp x29, x30, [sp, #-0x10]!" };
     call @_aarch64_eval(0x910003fd:bv32) { .asm = "mov x29, sp" };
     call @_aarch64_eval(0x9400002c:bv32) { .asm = "bl #0xb0" };
     assert boolor(eq(0x674:bv64, $PC));
     goto (%_init_ext);
   ];
   block %_init_ext [
     assume eq(0x674:bv64, $PC);
     call @call_weak_fn();
     assert boolor(eq(0x5c8:bv64, $PC));
     goto (%_init_code);
   ];
   block %_init_code { .gtirb_block = "cjc45g0SS3WFCRExVappyA";
       .succ = [ { .conditional = "false"; .direct = "false";
               .target = "proxy:untdPmduTCas6vQrmwoI2A"; .type = "Type_Return" } ] } [
     assume eq(0x5c8:bv64, $PC);
     call @_aarch64_eval(0xa8c17bfd:bv32) { .asm = "ldp x29, x30, [sp], #0x10" };
     call @_aarch64_eval(0xd65f03c0:bv32) { .asm = "ret " };
     assert boolor();
     goto (%ret);
   ];
   block %ret [ return; ]
];
proc @FUN_600()  -> () {  }
  requires boolor(eq(0x600:bv64, $PC))

[
   block %FUN_600_code { .gtirb_block = "nCTlCt6NRW+pxPiaB5hW8w";
       .succ = [ { .conditional = "false"; .direct = "false";
               .target = "proxy:hsvJqtjgRQ+QDV1Me7Mvog"; .type = "Type_Branch" } ] } [
     assume eq(0x600:bv64, $PC);
     call @_aarch64_eval(0x90000090:bv32) { .asm = "adrp x16, #0x10000" };
     call @_aarch64_eval(0xf947da11:bv32) { .asm = "ldr x17, [x16, #0xfb0]" };
     call @_aarch64_eval(0x913ec210:bv32) { .asm = "add x16, x16, #0xfb0" };
     call @_aarch64_eval(0xd61f0220:bv32) { .asm = "br x17" };
     assert boolor();
     unreachable;
   ]
];
proc @greet()  -> () {  }
  requires boolor(eq(0x754:bv64, $PC))

[
   block %greet_code_1 { .gtirb_block = "81FUb/xuSnaFuKB7SDT2jQ";
       .succ = [ { .address = 1584; .conditional = "false"; .direct = "true";
               .target = "stmts:tuyfiXKhQwyDbRrxvmvI3A"; .type = "Type_Call" } ] } [
     assume eq(0x754:bv64, $PC);
     call @_aarch64_eval(0xa9bf7bfd:bv32) { .asm = "stp x29, x30, [sp, #-0x10]!" };
     call @_aarch64_eval(0x910003fd:bv32) { .asm = "mov x29, sp" };
     call @_aarch64_eval(0x90000000:bv32) { .asm = "adrp x0, #0" };
     call @_aarch64_eval(0x911f2000:bv32) { .asm = "add x0, x0, #0x7c8" };
     call @_aarch64_eval(0x97ffffb3:bv32) { .asm = "bl #0xfffffffffffffecc" };
     assert boolor(eq(0x630:bv64, $PC));
     goto (%greet_ext_1);
   ];
   block %greet_ext_1 [
     assume eq(0x630:bv64, $PC);
     call @FUN_630();
     assert boolor(eq(0x768:bv64, $PC));
     goto (%greet_code);
   ];
   block %greet_code { .gtirb_block = "kdZai1woRdCWjv9gZOc7IQ";
       .succ = [ { .address = 1948; .conditional = "false"; .direct = "true";
               .target = "external:CUvNMZuRSsiLfPsNmfjI/Q"; .type = "Type_Return" } ] } [
     assume eq(0x768:bv64, $PC);
     call @_aarch64_eval(0xd503201f:bv32) { .asm = "nop " };
     call @_aarch64_eval(0xa8c17bfd:bv32) { .asm = "ldp x29, x30, [sp], #0x10" };
     call @_aarch64_eval(0xd65f03c0:bv32) { .asm = "ret " };
     assert boolor(eq(0x79c:bv64, $PC));
     goto (%ret);
   ];
   block %ret [ return; ]
];
proc @.L_610()  -> () {  }
  requires boolor(eq(0x610:bv64, $PC))

[
   block %L_610_code { .gtirb_block = "jeiXcfCQSXqbryskO0mCaw";
       .succ = [ { .conditional = "false"; .direct = "false";
               .target = "proxy:Wble++VeSwyfYFR3OG0Khg"; .type = "Type_Branch" } ] } [
     assume eq(0x610:bv64, $PC);
     call @_aarch64_eval(0x90000090:bv32) { .asm = "adrp x16, #0x10000" };
     call @_aarch64_eval(0xf947de11:bv32) { .asm = "ldr x17, [x16, #0xfb8]" };
     call @_aarch64_eval(0x913ee210:bv32) { .asm = "add x16, x16, #0xfb8" };
     call @_aarch64_eval(0xd61f0220:bv32) { .asm = "br x17" };
     assert boolor();
     unreachable;
   ]
];
proc @register_tm_clones()  -> () {  }
  requires boolor(eq(0x6c0:bv64, $PC))

[
   block %register_tm_clones_code_1 { .gtirb_block = "N7MlDogQRc+Kf0oPp3gQKg";
       .succ = [ { .address = 1764; .conditional = "true"; .direct = "true";
               .target = "internal:xTSwvjK0RqaUqG618MXkDQ";
               .type = "Type_Fallthrough" };
           { .address = 1784; .conditional = "true"; .direct = "true";
               .target = "internal:ESyZwVi7Sp2gkRum9GbV4g"; .type = "Type_Branch" } ] } [
     assume eq(0x6c0:bv64, $PC);
     call @_aarch64_eval(0xb0000080:bv32) { .asm = "adrp x0, #0x11000" };
     call @_aarch64_eval(0x91004000:bv32) { .asm = "add x0, x0, #0x10" };
     call @_aarch64_eval(0xb0000081:bv32) { .asm = "adrp x1, #0x11000" };
     call @_aarch64_eval(0x91004021:bv32) { .asm = "add x1, x1, #0x10" };
     call @_aarch64_eval(0xcb000021:bv32) { .asm = "sub x1, x1, x0" };
     call @_aarch64_eval(0xd37ffc22:bv32) { .asm = "lsr x2, x1, #0x3f" };
     call @_aarch64_eval(0x8b810c41:bv32) { .asm = "add x1, x2, x1, asr #3" };
     call @_aarch64_eval(0x9341fc21:bv32) { .asm = "asr x1, x1, #1" };
     call @_aarch64_eval(0xb40000c1:bv32) { .asm = "cbz x1, #0x18" };
     assert boolor(eq(0x6e4:bv64, $PC), eq(0x6f8:bv64, $PC));
     goto (%register_tm_clones_code_4,%register_tm_clones_code);
   ];
   block %register_tm_clones_code { .gtirb_block = "ESyZwVi7Sp2gkRum9GbV4g";
       .succ = [ { .conditional = "false"; .direct = "false";
               .target = "proxy:untdPmduTCas6vQrmwoI2A"; .type = "Type_Return" } ] } [
     assume eq(0x6f8:bv64, $PC);
     call @_aarch64_eval(0xd65f03c0:bv32) { .asm = "ret " };
     assert boolor();
     goto (%ret);
   ];
   block %ret [ return; ];
   block %register_tm_clones_code_4 { .gtirb_block = "xTSwvjK0RqaUqG618MXkDQ";
       .succ = [ { .address = 1776; .conditional = "true"; .direct = "true";
               .target = "internal:p0qH2J8aTMqh2gG0Ah/QyA";
               .type = "Type_Fallthrough" };
           { .address = 1784; .conditional = "true"; .direct = "true";
               .target = "internal:ESyZwVi7Sp2gkRum9GbV4g"; .type = "Type_Branch" } ] } [
     assume eq(0x6e4:bv64, $PC);
     call @_aarch64_eval(0x90000082:bv32) { .asm = "adrp x2, #0x10000" };
     call @_aarch64_eval(0xf947fc42:bv32) { .asm = "ldr x2, [x2, #0xff8]" };
     call @_aarch64_eval(0xb4000062:bv32) { .asm = "cbz x2, #0xc" };
     assert boolor(eq(0x6f0:bv64, $PC), eq(0x6f8:bv64, $PC));
     goto (%register_tm_clones_code_3,%register_tm_clones_code);
   ];
   block %register_tm_clones_code_3 { .gtirb_block = "p0qH2J8aTMqh2gG0Ah/QyA";
       .succ = [ { .conditional = "false"; .direct = "false";
               .target = "proxy:untdPmduTCas6vQrmwoI2A"; .type = "Type_Branch" } ] } [
     assume eq(0x6f0:bv64, $PC);
     call @_aarch64_eval(0xaa0203f0:bv32) { .asm = "mov x16, x2" };
     call @_aarch64_eval(0xd61f0200:bv32) { .asm = "br x16" };
     assert boolor();
     unreachable;
   ]
];
proc @FUN_5d0()  -> () {  }
  requires boolor(eq(0x5d0:bv64, $PC))

[
   block %FUN_5d0_code { .gtirb_block = "laupm9dISkGPSt8Um8fUHQ";
       .succ = [ { .conditional = "false"; .direct = "false";
               .target = "proxy:untdPmduTCas6vQrmwoI2A"; .type = "Type_Branch" } ] } [
     assume eq(0x5d0:bv64, $PC);
     call @_aarch64_eval(0xa9bf7bf0:bv32) { .asm = "stp x16, x30, [sp, #-0x10]!" };
     call @_aarch64_eval(0x90000090:bv32) { .asm = "adrp x16, #0x10000" };
     call @_aarch64_eval(0xf947d211:bv32) { .asm = "ldr x17, [x16, #0xfa0]" };
     call @_aarch64_eval(0x913e8210:bv32) { .asm = "add x16, x16, #0xfa0" };
     call @_aarch64_eval(0xd61f0220:bv32) { .asm = "br x17" };
     assert boolor();
     unreachable;
   ]
];
proc @deregister_tm_clones()  -> () {  }
  requires boolor(eq(0x690:bv64, $PC))

[
   block %deregister_tm_clones_code_2 { .gtirb_block = "kHAlSOrVR4idGzZwIMWtPQ";
       .succ = [ { .address = 1724; .conditional = "true"; .direct = "true";
               .target = "internal:xWABIYxbTceQvcKIfYbLPQ"; .type = "Type_Branch" };
           { .address = 1704; .conditional = "true"; .direct = "true";
               .target = "internal:HJOqMh9RQ0ejHLuaYNM6+w";
               .type = "Type_Fallthrough" } ] } [
     assume eq(0x690:bv64, $PC);
     call @_aarch64_eval(0xb0000080:bv32) { .asm = "adrp x0, #0x11000" };
     call @_aarch64_eval(0x91004000:bv32) { .asm = "add x0, x0, #0x10" };
     call @_aarch64_eval(0xb0000081:bv32) { .asm = "adrp x1, #0x11000" };
     call @_aarch64_eval(0x91004021:bv32) { .asm = "add x1, x1, #0x10" };
     call @_aarch64_eval(0xeb00003f:bv32) { .asm = "cmp x1, x0" };
     call @_aarch64_eval(0x540000c0:bv32) { .asm = "b.eq #0x18" };
     assert boolor(eq(0x6bc:bv64, $PC), eq(0x6a8:bv64, $PC));
     goto (%deregister_tm_clones_code_3,%deregister_tm_clones_code);
   ];
   block %deregister_tm_clones_code { .gtirb_block = "HJOqMh9RQ0ejHLuaYNM6+w";
       .succ = [ { .address = 1724; .conditional = "true"; .direct = "true";
               .target = "internal:xWABIYxbTceQvcKIfYbLPQ"; .type = "Type_Branch" };
           { .address = 1716; .conditional = "true"; .direct = "true";
               .target = "internal:cRTkWEtJTUequX8vEmA+5g";
               .type = "Type_Fallthrough" } ] } [
     assume eq(0x6a8:bv64, $PC);
     call @_aarch64_eval(0x90000081:bv32) { .asm = "adrp x1, #0x10000" };
     call @_aarch64_eval(0xf947ec21:bv32) { .asm = "ldr x1, [x1, #0xfd8]" };
     call @_aarch64_eval(0xb4000061:bv32) { .asm = "cbz x1, #0xc" };
     assert boolor(eq(0x6bc:bv64, $PC), eq(0x6b4:bv64, $PC));
     goto (%deregister_tm_clones_code_3,%deregister_tm_clones_code_1);
   ];
   block %deregister_tm_clones_code_1 { .gtirb_block = "cRTkWEtJTUequX8vEmA+5g";
       .succ = [ { .conditional = "false"; .direct = "false";
               .target = "proxy:untdPmduTCas6vQrmwoI2A"; .type = "Type_Branch" } ] } [
     assume eq(0x6b4:bv64, $PC);
     call @_aarch64_eval(0xaa0103f0:bv32) { .asm = "mov x16, x1" };
     call @_aarch64_eval(0xd61f0200:bv32) { .asm = "br x16" };
     assert boolor();
     unreachable;
   ];
   block %deregister_tm_clones_code_3 { .gtirb_block = "xWABIYxbTceQvcKIfYbLPQ";
       .succ = [ { .address = 1844; .conditional = "false"; .direct = "true";
               .target = "external:a6kRR/OiS5SK62Y1imdv+A"; .type = "Type_Return" } ] } [
     assume eq(0x6bc:bv64, $PC);
     call @_aarch64_eval(0xd65f03c0:bv32) { .asm = "ret " };
     assert boolor(eq(0x734:bv64, $PC));
     goto (%ret_5);
   ];
   block %ret_5 [ return; ]
];
proc @FUN_620()  -> () {  }
  requires boolor(eq(0x620:bv64, $PC))

[
   block %FUN_620_code { .gtirb_block = "t5T4hN0lQGaQk/XfTjAdaQ";
       .succ = [ { .conditional = "false"; .direct = "false";
               .target = "proxy:bhoXdgjrSlu3fAHsyzgOOg"; .type = "Type_Branch" } ] } [
     assume eq(0x620:bv64, $PC);
     call @_aarch64_eval(0x90000090:bv32) { .asm = "adrp x16, #0x10000" };
     call @_aarch64_eval(0xf947e211:bv32) { .asm = "ldr x17, [x16, #0xfc0]" };
     call @_aarch64_eval(0x913f0210:bv32) { .asm = "add x16, x16, #0xfc0" };
     call @_aarch64_eval(0xd61f0220:bv32) { .asm = "br x17" };
     assert boolor();
     unreachable;
   ]
];
proc @__do_global_dtors_aux()  -> () {  }
  requires boolor(eq(0x700:bv64, $PC))

[
   block %__do_global_dtors_aux_code_4 { .gtirb_block = "xBsil8pXRn+gE3r0cln8CA";
       .succ = [ { .address = 1852; .conditional = "true"; .direct = "true";
               .target = "internal:YoVzUrarQe2efHydaCXKnQ"; .type = "Type_Branch" };
           { .address = 1816; .conditional = "true"; .direct = "true";
               .target = "internal:TfC/id1IRfybJg/01yEUTw";
               .type = "Type_Fallthrough" } ] } [
     assume eq(0x700:bv64, $PC);
     call @_aarch64_eval(0xa9be7bfd:bv32) { .asm = "stp x29, x30, [sp, #-0x20]!" };
     call @_aarch64_eval(0x910003fd:bv32) { .asm = "mov x29, sp" };
     call @_aarch64_eval(0xf9000bf3:bv32) { .asm = "str x19, [sp, #0x10]" };
     call @_aarch64_eval(0xb0000093:bv32) { .asm = "adrp x19, #0x11000" };
     call @_aarch64_eval(0x39404260:bv32) { .asm = "ldrb w0, [x19, #0x10]" };
     call @_aarch64_eval(0x35000140:bv32) { .asm = "cbnz w0, #0x28" };
     assert boolor(eq(0x73c:bv64, $PC), eq(0x718:bv64, $PC));
     goto (%__do_global_dtors_aux_code_1,%__do_global_dtors_aux_code);
   ];
   block %__do_global_dtors_aux_code { .gtirb_block = "TfC/id1IRfybJg/01yEUTw";
       .succ = [ { .address = 1828; .conditional = "true"; .direct = "true";
               .target = "internal:3s66JtP8Q4mw3I5DM4xZFw";
               .type = "Type_Fallthrough" };
           { .address = 1840; .conditional = "true"; .direct = "true";
               .target = "internal:blCGjpRQQ+C/mKuJAztg3w"; .type = "Type_Branch" } ] } [
     assume eq(0x718:bv64, $PC);
     call @_aarch64_eval(0x90000080:bv32) { .asm = "adrp x0, #0x10000" };
     call @_aarch64_eval(0xf947f000:bv32) { .asm = "ldr x0, [x0, #0xfe0]" };
     call @_aarch64_eval(0xb4000080:bv32) { .asm = "cbz x0, #0x10" };
     assert boolor(eq(0x724:bv64, $PC), eq(0x730:bv64, $PC));
     goto (%__do_global_dtors_aux_code_5,%__do_global_dtors_aux_code_3);
   ];
   block %__do_global_dtors_aux_code_3 { .gtirb_block = "blCGjpRQQ+C/mKuJAztg3w";
       .succ = [ { .address = 1680; .conditional = "false"; .direct = "true";
               .target = "stmts:kHAlSOrVR4idGzZwIMWtPQ"; .type = "Type_Call" } ] } [
     assume eq(0x730:bv64, $PC);
     call @_aarch64_eval(0x97ffffd8:bv32) { .asm = "bl #0xffffffffffffff60" };
     assert boolor(eq(0x690:bv64, $PC));
     goto (%__do_global_dtors_aux_ext);
   ];
   block %__do_global_dtors_aux_ext [
     assume eq(0x690:bv64, $PC);
     call @deregister_tm_clones();
     assert boolor(eq(0x734:bv64, $PC));
     goto (%__do_global_dtors_aux_code_2);
   ];
   block %__do_global_dtors_aux_code_2 { .gtirb_block = "a6kRR/OiS5SK62Y1imdv+A";
       .succ = [ { .address = 1852; .conditional = "false"; .direct = "true";
               .target = "internal:YoVzUrarQe2efHydaCXKnQ";
               .type = "Type_Fallthrough" } ] } [
     assume eq(0x734:bv64, $PC);
     call @_aarch64_eval(0x52800020:bv32) { .asm = "mov w0, #1" };
     call @_aarch64_eval(0x39004260:bv32) { .asm = "strb w0, [x19, #0x10]" };
     assert boolor(eq(0x73c:bv64, $PC));
     goto (%__do_global_dtors_aux_code_1);
   ];
   block %__do_global_dtors_aux_code_5 { .gtirb_block = "3s66JtP8Q4mw3I5DM4xZFw";
       .succ = [ { .address = 1536; .conditional = "false"; .direct = "true";
               .target = "stmts:nCTlCt6NRW+pxPiaB5hW8w"; .type = "Type_Call" } ] } [
     assume eq(0x724:bv64, $PC);
     call @_aarch64_eval(0xb0000080:bv32) { .asm = "adrp x0, #0x11000" };
     call @_aarch64_eval(0xf9400400:bv32) { .asm = "ldr x0, [x0, #8]" };
     call @_aarch64_eval(0x97ffffb5:bv32) { .asm = "bl #0xfffffffffffffed4" };
     assert boolor(eq(0x600:bv64, $PC));
     goto (%__do_global_dtors_aux_ext_1);
   ];
   block %__do_global_dtors_aux_ext_1 [
     assume eq(0x600:bv64, $PC);
     call @FUN_600();
     assert boolor(eq(0x730:bv64, $PC));
     goto (%__do_global_dtors_aux_code_3);
   ];
   block %__do_global_dtors_aux_code_1 { .gtirb_block = "YoVzUrarQe2efHydaCXKnQ";
       .succ = [ { .conditional = "false"; .direct = "false";
               .target = "proxy:untdPmduTCas6vQrmwoI2A"; .type = "Type_Return" } ] } [
     assume eq(0x73c:bv64, $PC);
     call @_aarch64_eval(0xf9400bf3:bv32) { .asm = "ldr x19, [sp, #0x10]" };
     call @_aarch64_eval(0xa8c27bfd:bv32) { .asm = "ldp x29, x30, [sp], #0x20" };
     call @_aarch64_eval(0xd65f03c0:bv32) { .asm = "ret " };
     assert boolor();
     goto (%ret_2);
   ];
   block %ret_2 [ return; ]
];
proc @frame_dummy()  -> () {  }
  requires boolor(eq(0x750:bv64, $PC))

[
   block %frame_dummy_code { .gtirb_block = "4YKQAFyNSTOWjHxmxYfalQ";
       .succ = [ { .address = 1728; .conditional = "false"; .direct = "true";
               .target = "stmts:N7MlDogQRc+Kf0oPp3gQKg"; .type = "Type_Branch" } ] } [
     assume eq(0x750:bv64, $PC);
     call @_aarch64_eval(0x17ffffdc:bv32) { .asm = "b #0xffffffffffffff70" };
     assert boolor(eq(0x6c0:bv64, $PC));
     goto (%frame_dummy_ext);
   ];
   block %frame_dummy_ext [
     assume eq(0x6c0:bv64, $PC);
     call @register_tm_clones();
     assert boolor();
     unreachable;
   ]
];
proc @_start()  -> () {  }
  requires boolor(eq(0x640:bv64, $PC))

[
   block %_start_code_1 { .gtirb_block = "4+CM7UMMRrqpMFP36owsCA";
       .succ = [ { .address = 1520; .conditional = "false"; .direct = "true";
               .target = "stmts:ypgLzVh6QOyJgltweC0+HQ"; .type = "Type_Call" } ] } [
     assume eq(0x640:bv64, $PC);
     call @_aarch64_eval(0xd503201f:bv32) { .asm = "nop " };
     call @_aarch64_eval(0xd280001d:bv32) { .asm = "mov x29, #0" };
     call @_aarch64_eval(0xd280001e:bv32) { .asm = "mov x30, #0" };
     call @_aarch64_eval(0xaa0003e5:bv32) { .asm = "mov x5, x0" };
     call @_aarch64_eval(0xf94003e1:bv32) { .asm = "ldr x1, [sp]" };
     call @_aarch64_eval(0x910023e2:bv32) { .asm = "add x2, sp, #8" };
     call @_aarch64_eval(0x910003e6:bv32) { .asm = "mov x6, sp" };
     call @_aarch64_eval(0x90000080:bv32) { .asm = "adrp x0, #0x10000" };
     call @_aarch64_eval(0xf947f800:bv32) { .asm = "ldr x0, [x0, #0xff0]" };
     call @_aarch64_eval(0xd2800003:bv32) { .asm = "mov x3, #0" };
     call @_aarch64_eval(0xd2800004:bv32) { .asm = "mov x4, #0" };
     call @_aarch64_eval(0x97ffffe1:bv32) { .asm = "bl #0xffffffffffffff84" };
     assert boolor(eq(0x5f0:bv64, $PC));
     goto (%_start_ext_1);
   ];
   block %_start_ext_1 [
     assume eq(0x5f0:bv64, $PC);
     call @FUN_5f0();
     assert boolor(eq(0x670:bv64, $PC));
     goto (%_start_code);
   ];
   block %_start_code { .gtirb_block = "tllwTmhZTHK6kEDTQu2TFQ";
       .succ = [ { .address = 1568; .conditional = "false"; .direct = "true";
               .target = "stmts:t5T4hN0lQGaQk/XfTjAdaQ"; .type = "Type_Call" } ] } [
     assume eq(0x670:bv64, $PC);
     call @_aarch64_eval(0x97ffffec:bv32) { .asm = "bl #0xffffffffffffffb0" };
     assert boolor(eq(0x620:bv64, $PC));
     goto (%_start_ext);
   ];
   block %_start_ext [
     assume eq(0x620:bv64, $PC);
     call @FUN_620();
     assert boolor();
     unreachable;
   ]
];
prog entry @_start;